<html>
<body>
<pre>
<h1>µVision Build Log</h1>
<h2>Tool Versions:</h2>
IDE-Version: ¦ÌVision V5.14.0.0
Copyright (C) 2015 ARM Ltd and ARM Germany GmbH. All rights reserved.
License Information: wddqd AutoBVT, Microsoft, LIC=HF8LQ-N1LTM-21SPS-LPD9Y-LJ2CP-716ZD
 
Tool Versions:
Toolchain:       MDK-ARM Professional  Version: 5.14.0.0
Toolchain Path:  F:\keill5\ARM\ARMCC\Bin
C Compiler:      Armcc.exe V5.05 update 1 (build 106)
Assembler:       Armasm.exe V5.05 update 1 (build 106)
Linker/Locator:  ArmLink.exe V5.05 update 1 (build 106)
Library Manager: ArmAr.exe V5.05 update 1 (build 106)
Hex Converter:   FromElf.exe V5.05 update 1 (build 106)
CPU DLL:         SARMCM3.DLL V5.14.0.0
Dialog DLL:      DCM.DLL V1.13.1.0
Target DLL:      Segger\JL2CM3.dll V2.99.13.0
Dialog DLL:      TCM.DLL V1.14.4.0
 
<h2>Project:</h2>
C:\Users\Administrator\Desktop\ekf_adrc\ADRC_AutoQute_V2\AutoQuadrotor\AutoQuadrotor.uvprojx
Project File Date:  09/20/2017

<h2>Output:</h2>
*** Note: Rebuilding project, since 'Options->Output->Create Batch File' is selected.
Rebuild target 'UAV_V1'
compiling uav_task.cpp...
compiling uav_control.cpp...
compiling uav_adrc.cpp...
compiling uav_pid.cpp...
compiling uav_init.cpp...
compiling uav_filter.cpp...
compiling uav_rc.cpp...
compiling uav_parameter.cpp...
compiling uav_parameter_sd.cpp...
compiling ekf_att_pos_estimator_main.cpp...
compiling estimator_22states.cpp...
compiling estimator_utilities.cpp...
compiling imu.cpp...
compiling imu_dcm.cpp...
compiling imu_gradient.cpp...
compiling imu_ekf.cpp...
compiling AttitudeEKF.c...
compiling uav_attitude.cpp...
compiling uav_gps_navigation.cpp...
compiling nav_ekf.cpp...
compiling nav_speed.cpp...
compiling nav_h.cpp...
compiling nav_h_ekf.c...
compiling nav_h_ekf_initialize.c...
compiling nav_h_ekf_terminate.c...
compiling svd.c...
compiling dev_rcc.cpp...
compiling dev_i2c.cpp...
compiling dev_led.cpp...
compiling dev_port.cpp...
compiling dev_moto.cpp...
compiling dev_nvic.cpp...
compiling dev_usart.cpp...
compiling dev_debus.cpp...
compiling dev_clock.cpp...
compiling dev_ak8975.cpp...
compiling dev_mavlink.cpp...
compiling dev_ms5611.cpp...
compiling dev_sd.cpp...
compiling dev_mup6050.cpp...
compiling dev_spi.cpp...
compiling dev_flash.cpp...
compiling dev_dma.cpp...
compiling dev_us100.cpp...
compiling dev_gps.cpp...
compiling dev_can.cpp...
compiling cal_math.cpp...
compiling cal_matrix3.cpp...
compiling cal_vector3.cpp...
compiling cal_quaternion.cpp...
compiling cal_adrc.cpp...
compiling fhan.c...
compiling fal.c...
compiling fal_initialize.c...
compiling fal_terminate.c...
compiling rt_nonfinite.c...
compiling rtGetInf.c...
compiling rtGetNaN.c...
compiling stm32f4xx_it.c...
compiling diskio.c...
compiling ff.c...
compiling control_v.cpp...
assembling startup_stm32f40_41xxx.s...
compiling system_stm32f4xx.c...
linking...
Program Size: Code=36928 RO-data=492 RW-data=380 ZI-data=38172  
FromELF: creating hex file...
".\Objects\AutoQuadrotor.axf" - 0 Error(s), 0 Warning(s).

<h2>Software Packages used:</h2>

Package Vendor: ARM
                http://www.keil.com/pack/ARM.CMSIS.4.2.0.pack
                ARM::CMSIS:CORE:3.40.0
                CMSIS (Cortex Microcontroller Software Interface Standard)
   * Component: CORE Version: 3.40.0

Package Vendor: Keil
                http://www.keil.com/pack/Keil.STM32F4xx_DFP.1.0.8.pack
                Keil::Device:Startup:1.3.1
                STMicroelectronics STM32F4 Series Device Support, Drivers and Examples
   * Component: Startup Version: 1.3.1

<h2>Collection of Component include folders:</h2>
  C:\Users\Administrator\Desktop\ekf_adrc\ADRC_AutoQute_V2\AutoQuadrotor\RTE
  C:\Users\Administrator\Desktop\ekf_adrc\ADRC_AutoQute_V2\AutoQuadrotor\RTE\Device\STM32F407VG
  F:\keill5\ARM\PACK\ARM\CMSIS\4.2.0\CMSIS\Include
  F:\keill5\ARM\PACK\Keil\STM32F4xx_DFP\1.0.8\Device\Include

<h2>Collection of Component Files used:</h2>

   * Component: ARM::CMSIS:CORE:3.40.0
      Source file:   CMSIS\UserCodeTemplates\ARM\ITM_Retarget.c

   * Component: Keil::Device:Startup:1.3.1
      Source file:   Device\Source\ARM\STM32F40xxx_41xxx_OPT.s
      Source file:   Device\Source\ARM\STM32F4xx_OTP.s
      Include file:  Device\Include\stm32f4xx.h
      Source file:   Device\Source\ARM\startup_stm32f40_41xxx.s
      Source file:   Device\Source\system_stm32f4xx.c
      Include file:  RTE_Driver\Config\RTE_Device.h
</pre>
</body>
</html>
