Component: ARM Compiler 5.05 update 1 (build 106) Tool: armlink [4d0efa]

==============================================================================

Section Cross References

    uav_task.o(i._Z10task_10_msv) refers to dev_clock.o(i._Z11Get_Cycle_Th) for Get_Cycle_T(unsigned char)
    uav_task.o(i._Z10task_10_msv) refers to dev_ms5611.o(i._ZN7_MS561110DataUpdateEv) for _MS5611::DataUpdate()
    uav_task.o(i._Z10task_10_msv) refers to nav_speed.o(i._ZN6NAV_V_8get_ms_vEf) for NAV_V_::get_ms_v(float)
    uav_task.o(i._Z10task_10_msv) refers to dev_ak8975.o(i._ZN7_AK897510DataSampleEv) for _AK8975::DataSample()
    uav_task.o(i._Z10task_10_msv) refers to uav_attitude.o(i._ZN9_ATTITUDE10DISControlEf) for _ATTITUDE::DISControl(float)
    uav_task.o(i._Z10task_10_msv) refers to dev_ms5611.o(.bss) for Ms5611
    uav_task.o(i._Z10task_10_msv) refers to nav_speed.o(.bss) for nav_v
    uav_task.o(i._Z10task_10_msv) refers to dev_ak8975.o(.bss) for Ak8975
    uav_task.o(i._Z10task_10_msv) refers to uav_attitude.o(.bss) for Attitude
    uav_task.o(i._Z10task_20_msv) refers to dev_gps.o(i._Z8GPS_Callv) for GPS_Call()
    uav_task.o(i._Z10task_50_msv) refers to dev_us100.o(i._ZN6_US10012SampleTrigerEf) for _US100::SampleTriger(float)
    uav_task.o(i._Z10task_50_msv) refers to dev_us100.o(.bss) for Us100
    uav_task.o(i._Z8TaskLoopv) refers to uav_task.o(i._Z9task_1_msv) for task_1_ms()
    uav_task.o(i._Z8TaskLoopv) refers to uav_task.o(i._Z9task_2_msv) for task_2_ms()
    uav_task.o(i._Z8TaskLoopv) refers to uav_task.o(i._Z9task_8_msv) for task_8_ms()
    uav_task.o(i._Z8TaskLoopv) refers to uav_task.o(i._Z10task_10_msv) for task_10_ms()
    uav_task.o(i._Z8TaskLoopv) refers to uav_task.o(i._Z10task_20_msv) for task_20_ms()
    uav_task.o(i._Z8TaskLoopv) refers to uav_task.o(i._Z10task_50_msv) for task_50_ms()
    uav_task.o(i._Z8TaskLoopv) refers to dev_clock.o(.bss) for loop
    uav_task.o(i._Z9task_2_msv) refers to dev_mavlink.o(i._ZN8_MAVLINK13Data_ExchangeEv) for _MAVLINK::Data_Exchange()
    uav_task.o(i._Z9task_2_msv) refers to dev_clock.o(i._Z11Get_Cycle_Th) for Get_Cycle_T(unsigned char)
    uav_task.o(i._Z9task_2_msv) refers to imu.o(i._ZN3IMU12SensorSampleEv) for IMU::SensorSample()
    uav_task.o(i._Z9task_2_msv) refers to uav_adrc.o(i._ZN5_ADRC7AngularEf) for _ADRC::Angular(float)
    uav_task.o(i._Z9task_2_msv) refers to dev_mavlink.o(.bss) for Mavlink
    uav_task.o(i._Z9task_2_msv) refers to imu.o(.bss) for imu
    uav_task.o(i._Z9task_2_msv) refers to uav_adrc.o(.data) for Adrc_
    uav_task.o(i._Z9task_5_msv) refers to dev_clock.o(i._Z11Get_Cycle_Th) for Get_Cycle_T(unsigned char)
    uav_task.o(i._Z9task_5_msv) refers to uav_rc.o(i._ZN3_RC9DataMangeEf) for _RC::DataMange(float)
    uav_task.o(i._Z9task_5_msv) refers to ekf_att_pos_estimator_main.o(i._ZN28AttitudePositionEstimatorEKF7loop_upEv) for AttitudePositionEstimatorEKF::loop_up()
    uav_task.o(i._Z9task_5_msv) refers to uav_adrc.o(i._ZN5_ADRC5AngleEf) for _ADRC::Angle(float)
    uav_task.o(i._Z9task_5_msv) refers to nav_speed.o(i._ZN6NAV_V_7get_a_vEf) for NAV_V_::get_a_v(float)
    uav_task.o(i._Z9task_5_msv) refers to nav_speed.o(i._ZN6NAV_V_4eastEf) for NAV_V_::east(float)
    uav_task.o(i._Z9task_5_msv) refers to control_v.o(i._ZN8CONTROL_1VEv) for CONTROL_::V()
    uav_task.o(i._Z9task_5_msv) refers to uav_rc.o(.bss) for Rc
    uav_task.o(i._Z9task_5_msv) refers to ekf_att_pos_estimator_main.o(.bss) for att_ekf
    uav_task.o(i._Z9task_5_msv) refers to uav_adrc.o(.data) for Adrc_
    uav_task.o(i._Z9task_5_msv) refers to nav_speed.o(.bss) for nav_v
    uav_task.o(i._Z9task_5_msv) refers to control_v.o(.data) for ctrl
    uav_task.o(i._Z9task_8_msv) refers to dev_clock.o(i._Z11Get_Cycle_Th) for Get_Cycle_T(unsigned char)
    uav_task.o(i.__sti___12_uav_task_cpp_UAV) refers to uav_task.o(.bss) for UAV
    uav_task.o(i.main) refers to dev_clock.o(i._Z21SysTick_Configurationv) for SysTick_Configuration()
    uav_task.o(i.main) refers to uav_init.o(i._ZN4_UAV4InitEv) for _UAV::Init()
    uav_task.o(i.main) refers to imu.o(i._ZN3IMU4InitEv) for IMU::Init()
    uav_task.o(i.main) refers to uav_task.o(i._Z8TaskLoopv) for TaskLoop()
    uav_task.o(i.main) refers to imu.o(.bss) for imu
    uav_task.o(i.main) refers to uav_task.o(.data) for counT
    uav_task.o(.ARM.exidx) refers to uav_task.o(i._Z9task_1_msv) for i._Z9task_1_msv
    uav_task.o(.ARM.exidx) refers to uav_task.o(i._Z9task_2_msv) for i._Z9task_2_msv
    uav_task.o(.ARM.exidx) refers to uav_task.o(i._Z9task_5_msv) for i._Z9task_5_msv
    uav_task.o(.ARM.exidx) refers to uav_task.o(i._Z9task_8_msv) for i._Z9task_8_msv
    uav_task.o(.ARM.exidx) refers to uav_task.o(i._Z10task_10_msv) for i._Z10task_10_msv
    uav_task.o(.ARM.exidx) refers to uav_task.o(i._Z10task_20_msv) for i._Z10task_20_msv
    uav_task.o(.ARM.exidx) refers to uav_task.o(i._Z10task_50_msv) for i._Z10task_50_msv
    uav_task.o(.ARM.exidx) refers to uav_task.o(i._Z8TaskLoopv) for i._Z8TaskLoopv
[...]
    __aeabi_uidiv                            0x08000661   Thumb Code     0  uidiv.o(.text)
    __aeabi_uidivmod                         0x08000661   Thumb Code    44  uidiv.o(.text)
    __aeabi_llsl                             0x0800068d   Thumb Code    30  llshl.o(.text)
    _ll_shift_l                              0x0800068d   Thumb Code     0  llshl.o(.text)
    __aeabi_llsr                             0x080006ab   Thumb Code    32  llushr.o(.text)
    _ll_ushift_r                             0x080006ab   Thumb Code     0  llushr.o(.text)
    __aeabi_lasr                             0x080006cb   Thumb Code    36  llsshr.o(.text)
    _ll_sshift_r                             0x080006cb   Thumb Code     0  llsshr.o(.text)
    __I$use$fp                               0x080006ef   Thumb Code     0  iusefp.o(.text)
    __rt_ddtor_pointer_addr                  0x080006f1   Thumb Code     4  cpp_dtor.o(.text)
    __rt_lib_shutdown_cpp_1                  0x080006f9   Thumb Code     2  cpp_final.o(.text)
    _float_round                             0x080006fb   Thumb Code    18  fepilogue.o(.text)
    _float_epilogue                          0x0800070d   Thumb Code    92  fepilogue.o(.text)
    _double_round                            0x08000769   Thumb Code    30  depilogue.o(.text)
    _double_epilogue                         0x08000787   Thumb Code   156  depilogue.o(.text)
    __aeabi_d2ulz                            0x08000823   Thumb Code    48  dfixul.o(.text)
    __scatterload                            0x08000855   Thumb Code    28  init.o(.text)
    __scatterload_rt2                        0x08000855   Thumb Code     0  init.o(.text)
    __decompress                             0x08000879   Thumb Code     0  __dczerorl2.o(.text)
    __decompress1                            0x08000879   Thumb Code    86  __dczerorl2.o(.text)
    BusFault_Handler                         0x080008cf   Thumb Code     4  stm32f4xx_it.o(i.BusFault_Handler)
    DMA2_Stream2_IRQHandler                  0x080008d5   Thumb Code    38  dev_dma.o(i.DMA2_Stream2_IRQHandler)
    DMA_ClearFlag                            0x08000909   Thumb Code    38  stm32f4xx_dma.o(i.DMA_ClearFlag)
    DMA_ClearITPendingBit                    0x0800093d   Thumb Code    38  stm32f4xx_dma.o(i.DMA_ClearITPendingBit)
    DMA_Cmd                                  0x08000971   Thumb Code    22  stm32f4xx_dma.o(i.DMA_Cmd)
    DMA_DeInit                               0x08000989   Thumb Code   324  stm32f4xx_dma.o(i.DMA_DeInit)
    DMA_GetITStatus                          0x08000ae1   Thumb Code    82  stm32f4xx_dma.o(i.DMA_GetITStatus)
    DMA_ITConfig                             0x08000b45   Thumb Code    58  stm32f4xx_dma.o(i.DMA_ITConfig)
    DMA_Init                                 0x08000b81   Thumb Code    82  stm32f4xx_dma.o(i.DMA_Init)
    DebugMon_Handler                         0x08000bd9   Thumb Code     2  stm32f4xx_it.o(i.DebugMon_Handler)
    GPIO_Init                                0x08000bdb   Thumb Code   144  stm32f4xx_gpio.o(i.GPIO_Init)
    GPIO_PinAFConfig                         0x08000c6b   Thumb Code    70  stm32f4xx_gpio.o(i.GPIO_PinAFConfig)
    GPIO_ResetBits                           0x08000cb1   Thumb Code     4  stm32f4xx_gpio.o(i.GPIO_ResetBits)
    GPIO_SetBits                             0x08000cb5   Thumb Code     4  stm32f4xx_gpio.o(i.GPIO_SetBits)
    HardFault_Handler                        0x08000cb9   Thumb Code     4  stm32f4xx_it.o(i.HardFault_Handler)
    MemManage_Handler                        0x08000cbd   Thumb Code     4  stm32f4xx_it.o(i.MemManage_Handler)
    NMI_Handler                              0x08000cc1   Thumb Code     2  stm32f4xx_it.o(i.NMI_Handler)
    NVIC_Init                                0x08000cc5   Thumb Code   106  misc.o(i.NVIC_Init)
    NVIC_PriorityGroupConfig                 0x08000d3d   Thumb Code    10  misc.o(i.NVIC_PriorityGroupConfig)
    PendSV_Handler                           0x08000d51   Thumb Code     2  stm32f4xx_it.o(i.PendSV_Handler)
    RCC_AHB1PeriphClockCmd                   0x08000d55   Thumb Code    26  stm32f4xx_rcc.o(i.RCC_AHB1PeriphClockCmd)
    RCC_APB1PeriphClockCmd                   0x08000d75   Thumb Code    26  stm32f4xx_rcc.o(i.RCC_APB1PeriphClockCmd)
    RCC_APB1PeriphResetCmd                   0x08000d95   Thumb Code    26  stm32f4xx_rcc.o(i.RCC_APB1PeriphResetCmd)
    RCC_APB2PeriphClockCmd                   0x08000db5   Thumb Code    26  stm32f4xx_rcc.o(i.RCC_APB2PeriphClockCmd)
    RCC_APB2PeriphResetCmd                   0x08000dd5   Thumb Code    26  stm32f4xx_rcc.o(i.RCC_APB2PeriphResetCmd)
    RCC_GetClocksFreq                        0x08000df5   Thumb Code   214  stm32f4xx_rcc.o(i.RCC_GetClocksFreq)
    SDIO_ClearFlag                           0x08000edd   Thumb Code     6  stm32f4xx_sdio.o(i.SDIO_ClearFlag)
    SDIO_GetFlagStatus                       0x08000ee9   Thumb Code    20  stm32f4xx_sdio.o(i.SDIO_GetFlagStatus)
    SDIO_IRQHandler                          0x08000f01   Thumb Code     8  dev_sd.o(i.SDIO_IRQHandler)
    SDIO_SendCommand                         0x08000f09   Thumb Code    40  stm32f4xx_sdio.o(i.SDIO_SendCommand)
    SPI_Cmd                                  0x08000f35   Thumb Code    24  stm32f4xx_spi.o(i.SPI_Cmd)
    SPI_I2S_GetFlagStatus                    0x08000f4d   Thumb Code    18  stm32f4xx_spi.o(i.SPI_I2S_GetFlagStatus)
    SPI_I2S_ReceiveData                      0x08000f5f   Thumb Code     6  stm32f4xx_spi.o(i.SPI_I2S_ReceiveData)
    SPI_I2S_SendData                         0x08000f65   Thumb Code     4  stm32f4xx_spi.o(i.SPI_I2S_SendData)
    SPI_Init                                 0x08000f69   Thumb Code    60  stm32f4xx_spi.o(i.SPI_Init)
    SVC_Handler                              0x08000fa5   Thumb Code     2  stm32f4xx_it.o(i.SVC_Handler)
    SysTick_CLKSourceConfig                  0x08000fa7   Thumb Code    40  misc.o(i.SysTick_CLKSourceConfig)
    SysTick_Handler                          0x08000fd1   Thumb Code    18  dev_clock.o(i.SysTick_Handler)
    SystemInit                               0x08000fe9   Thumb Code    88  system_stm32f4xx.o(i.SystemInit)
    TIM_ARRPreloadConfig                     0x08001051   Thumb Code    24  stm32f4xx_tim.o(i.TIM_ARRPreloadConfig)
    TIM_Cmd                                  0x08001069   Thumb Code    24  stm32f4xx_tim.o(i.TIM_Cmd)
    TIM_CtrlPWMOutputs                       0x08001081   Thumb Code    30  stm32f4xx_tim.o(i.TIM_CtrlPWMOutputs)
    TIM_OC1Init                              0x080010a1   Thumb Code   114  stm32f4xx_tim.o(i.TIM_OC1Init)
    TIM_OC1PreloadConfig                     0x0800111d   Thumb Code    18  stm32f4xx_tim.o(i.TIM_OC1PreloadConfig)
    TIM_OC2Init                              0x08001131   Thumb Code   154  stm32f4xx_tim.o(i.TIM_OC2Init)
    TIM_OC2PreloadConfig                     0x080011d5   Thumb Code    26  stm32f4xx_tim.o(i.TIM_OC2PreloadConfig)
    TIM_OC3Init                              0x080011f1   Thumb Code   150  stm32f4xx_tim.o(i.TIM_OC3Init)
    TIM_OC3PreloadConfig                     0x08001291   Thumb Code    18  stm32f4xx_tim.o(i.TIM_OC3PreloadConfig)
    TIM_OC4Init                              0x080012a5   Thumb Code   112  stm32f4xx_tim.o(i.TIM_OC4Init)
    TIM_OC4PreloadConfig                     0x0800131d   Thumb Code    26  stm32f4xx_tim.o(i.TIM_OC4PreloadConfig)
    TIM_SetCompare1                          0x08001337   Thumb Code     4  stm32f4xx_tim.o(i.TIM_SetCompare1)
    TIM_SetCompare2                          0x0800133b   Thumb Code     4  stm32f4xx_tim.o(i.TIM_SetCompare2)
    TIM_SetCompare3                          0x0800133f   Thumb Code     4  stm32f4xx_tim.o(i.TIM_SetCompare3)
    TIM_SetCompare4                          0x08001343   Thumb Code     4  stm32f4xx_tim.o(i.TIM_SetCompare4)
    TIM_TimeBaseInit                         0x08001349   Thumb Code   104  stm32f4xx_tim.o(i.TIM_TimeBaseInit)
    USART2_IRQHandler                        0x080013cd   Thumb Code    10  stm32f4xx_it.o(i.USART2_IRQHandler)
    USART3_IRQHandler                        0x080013dd   Thumb Code    10  stm32f4xx_it.o(i.USART3_IRQHandler)
    USART6_IRQHandler                        0x080013ed   Thumb Code    10  stm32f4xx_it.o(i.USART6_IRQHandler)
    USART_ClearITPendingBit                  0x080013fd   Thumb Code    30  stm32f4xx_usart.o(i.USART_ClearITPendingBit)
    USART_Cmd                                0x0800141b   Thumb Code    24  stm32f4xx_usart.o(i.USART_Cmd)
    USART_DMACmd                             0x08001433   Thumb Code    18  stm32f4xx_usart.o(i.USART_DMACmd)
    USART_DeInit                             0x08001445   Thumb Code   156  stm32f4xx_usart.o(i.USART_DeInit)
    USART_GetFlagStatus                      0x080014f9   Thumb Code    26  stm32f4xx_usart.o(i.USART_GetFlagStatus)
    USART_GetITStatus                        0x08001513   Thumb Code    84  stm32f4xx_usart.o(i.USART_GetITStatus)
    USART_ITConfig                           0x08001567   Thumb Code    74  stm32f4xx_usart.o(i.USART_ITConfig)
    USART_Init                               0x080015b1   Thumb Code   204  stm32f4xx_usart.o(i.USART_Init)
    USART_ReceiveData                        0x08001685   Thumb Code    10  stm32f4xx_usart.o(i.USART_ReceiveData)
    USART_SendData                           0x0800168f   Thumb Code     8  stm32f4xx_usart.o(i.USART_SendData)
    UsageFault_Handler                       0x08001697   Thumb Code     4  stm32f4xx_it.o(i.UsageFault_Handler)
    Loop_check()                             0x0800169d   Thumb Code    96  dev_clock.o(i._Z10Loop_checkv)
    task_10_ms()                             0x08001701   Thumb Code    56  uav_task.o(i._Z10task_10_msv)
    task_20_ms()                             0x08001749   Thumb Code     8  uav_task.o(i._Z10task_20_msv)
    task_50_ms()                             0x08001751   Thumb Code    14  uav_task.o(i._Z10task_50_msv)
    Get_Cycle_T(unsigned char)               0x08001765   Thumb Code   118  dev_clock.o(i._Z11Get_Cycle_Th)
    GPS_Analysis(nmea_msg*, unsigned char*)  0x080018d1   Thumb Code    48  dev_gps.o(i._Z12GPS_AnalysisP8nmea_msgPh)
    NMEA_Str2num(unsigned char*, unsigned char*) 0x08001901   Thumb Code   234  dev_gps.o(i._Z12NMEA_Str2numPhS_)
    CmdResp1Error(unsigned char)             0x080019ed   Thumb Code    98  dev_sd.o(i._Z13CmdResp1Errorh)
    GetSysTime_us()                          0x08001a59   Thumb Code    48  dev_clock.o(i._Z13GetSysTime_usv)
    SPI1_SetSpeed(unsigned char)             0x08001a8d   Thumb Code    26  dev_spi.o(i._Z13SPI1_SetSpeedh)
    rtGetMinusInf()                          0x08001ab1   Thumb Code   138  rtgetinf_1.o(i._Z13rtGetMinusInfv)
    NMEA_Comma_Pos(unsigned char*, unsigned char) 0x08001b49   Thumb Code    50  dev_gps.o(i._Z14NMEA_Comma_PosPhh)
    fal_initialize()                         0x08001b7b   Thumb Code    10  fal_initialize.o(i._Z14fal_initializev)
    nav_h_ekf_init()                         0x08001b85   Thumb Code    60  nav_h_ekf.o(i._Z14nav_h_ekf_initv)
    rtGetMinusInfF()                         0x08001bd1   Thumb Code    12  rtgetinf_1.o(i._Z14rtGetMinusInfFv)
    TrackingDiffCal(Tracking_Diff&, float, float) 0x08001be1   Thumb Code   106  cal_adrc.o(i._Z15TrackingDiffCalR13Tracking_Diffff)
    SD_ProcessIRQSrc()                       0x08001c4d   Thumb Code   318  dev_sd.o(i._Z16SD_ProcessIRQSrcv)
    TrackingDiffInit(Tracking_Diff&, float)  0x08001da1   Thumb Code    38  cal_adrc.o(i._Z16TrackingDiffInitR13Tracking_Difff)
    rt_InitInfAndNaN(unsigned)               0x08001dcd   Thumb Code    66  rt_nonfinite.o(i._Z16rt_InitInfAndNaNj)
    GPS_DataCacheCall(unsigned char)         0x08001e29   Thumb Code    52  dev_gps.o(i._Z17GPS_DataCacheCallh)
    SPI1_ReadWriteByte(unsigned char)        0x08001e65   Thumb Code    78  dev_spi.o(i._Z18SPI1_ReadWriteByteh)
    NMEA_GPGGA_Analysis(nmea_msg*, unsigned char*) 0x08001eb9   Thumb Code    96  dev_gps.o(i._Z19NMEA_GPGGA_AnalysisP8nmea_msgPh)
    NMEA_GPGSA_Analysis(nmea_msg*, unsigned char*) 0x08001f21   Thumb Code   176  dev_gps.o(i._Z19NMEA_GPGSA_AnalysisP8nmea_msgPh)
    NMEA_GPGSV_Analysis(nmea_msg*, unsigned char*) 0x08001fd9   Thumb Code   290  dev_gps.o(i._Z19NMEA_GPGSV_AnalysisP8nmea_msgPh)
    NMEA_GPRMC_Analysis(nmea_msg*, unsigned char*) 0x08002105   Thumb Code   532  dev_gps.o(i._Z19NMEA_GPRMC_AnalysisP8nmea_msgPh)
    NMEA_GPVTG_Analysis(nmea_msg*, unsigned char*) 0x08002325   Thumb Code    78  dev_gps.o(i._Z19NMEA_GPVTG_AnalysisP8nmea_msgPh)
    SysTick_Configuration()                  0x0800237d   Thumb Code    98  dev_clock.o(i._Z21SysTick_Configurationv)
    fhan(float, float, float, float)         0x080023e9   Thumb Code   566  fhan.o(i._Z4fhanffff)
    millis()                                 0x08002625   Thumb Code     8  ekf_att_pos_estimator_main.o(i._Z6millisv)
    radians(float)                           0x0800262d   Thumb Code    14  cal_math.o(i._Z7radiansf)
    Delay_ms(unsigned)                       0x08002641   Thumb Code    24  dev_clock.o(i._Z8Delay_msj)
    Delay_us(unsigned)                       0x08002659   Thumb Code    24  dev_clock.o(i._Z8Delay_usj)
    GPS_Call()                               0x08002671   Thumb Code    54  dev_gps.o(i._Z8GPS_Callv)
    NMEA_Pow(unsigned char, unsigned char)   0x080026b9   Thumb Code    22  dev_gps.o(i._Z8NMEA_Powhh)
    TaskLoop()                               0x080026d1   Thumb Code   124  uav_task.o(i._Z8TaskLoopv)
    rtGetInf()                               0x08002751   Thumb Code   138  rtgetinf_1.o(i._Z8rtGetInfv)
    rtGetNaN()                               0x080027e9   Thumb Code   142  rtgetnan_1.o(i._Z8rtGetNaNv)
    sys_time()                               0x08002885   Thumb Code   116  dev_clock.o(i._Z8sys_timev)
    SPI1_Init()                              0x08002909   Thumb Code   196  dev_spi.o(i._Z9SPI1_Initv)
    ekf_debug(const char*, ...)              0x080029d9   Thumb Code     6  estimator_utilities.o(i._Z9ekf_debugPKcz)
    getMicros()                              0x080029e1   Thumb Code     6  ekf_att_pos_estimator_main.o(i._Z9getMicrosv)
    getMillis()                              0x080029ed   Thumb Code    20  ekf_att_pos_estimator_main.o(i._Z9getMillisv)
    rtGetInfF()                              0x08002a01   Thumb Code    14  rtgetinf_1.o(i._Z9rtGetInfFv)
    rtGetNaNF()                              0x08002a11   Thumb Code    56  rtgetnan_1.o(i._Z9rtGetNaNFv)
    task_1_ms()                              0x08002a4d   Thumb Code     2  uav_task.o(i._Z9task_1_msv)
    task_2_ms()                              0x08002a51   Thumb Code    44  uav_task.o(i._Z9task_2_msv)
    task_8_ms()                              0x08002a89   Thumb Code    22  uav_task.o(i._Z9task_8_msv)
    _PARAMETER::ReadAnglePID()               0x08002aa1   Thumb Code   102  uav_parameter.o(i._ZN10_PARAMETER12ReadAnglePIDEv)
    _PARAMETER::SaveAnglePID()               0x08002b29   Thumb Code   102  uav_parameter.o(i._ZN10_PARAMETER12SaveAnglePIDEv)
    _PARAMETER::Configuration()              0x08002bb1   Thumb Code   124  uav_parameter.o(i._ZN10_PARAMETER13ConfigurationEv)
    _PARAMETER::ReadAngularPID()             0x08002c2d   Thumb Code   102  uav_parameter.o(i._ZN10_PARAMETER14ReadAngularPIDEv)
    _PARAMETER::SaveAngularPID()             0x08002cb9   Thumb Code   102  uav_parameter.o(i._ZN10_PARAMETER14SaveAngularPIDEv)
    _PARAMETER::ReadAccOfferset()            0x08002d41   Thumb Code   150  uav_parameter.o(i._ZN10_PARAMETER15ReadAccOffersetEv)
    _PARAMETER::ReadGyrOfferset()            0x08002e1d   Thumb Code   150  uav_parameter.o(i._ZN10_PARAMETER15ReadGyrOffersetEv)
    _PARAMETER::ReadMagOfferset()            0x08002efd   Thumb Code   150  uav_parameter.o(i._ZN10_PARAMETER15ReadMagOffersetEv)
    _PARAMETER::SaveAccOfferset(Vector3<float>) 0x08002fe1   Thumb Code    64  uav_parameter.o(i._ZN10_PARAMETER15SaveAccOffersetE7Vector3IfE)
    _PARAMETER::SaveGyrOfferset(Vector3<float>) 0x08003045   Thumb Code    56  uav_parameter.o(i._ZN10_PARAMETER15SaveGyrOffersetE7Vector3IfE)
    _PARAMETER::SaveMagOfferset(Vector3<float>) 0x0800309d   Thumb Code    56  uav_parameter.o(i._ZN10_PARAMETER15SaveMagOffersetE7Vector3IfE)
    _PARAMETER::Read_MS_DIS_SPEPID()         0x080030f1   Thumb Code    80  uav_parameter.o(i._ZN10_PARAMETER18Read_MS_DIS_SPEPIDEv)
    _PARAMETER::Read_UL_DIS_SPEPID()         0x08003169   Thumb Code    80  uav_parameter.o(i._ZN10_PARAMETER18Read_UL_DIS_SPEPIDEv)
    _PARAMETER::Save_MS_DIS_SPEPID()         0x080031e1   Thumb Code    80  uav_parameter.o(i._ZN10_PARAMETER18Save_MS_DIS_SPEPIDEv)
    _PARAMETER::Save_UL_DIS_SPEPID()         0x08003259   Thumb Code    80  uav_parameter.o(i._ZN10_PARAMETER18Save_UL_DIS_SPEPIDEv)
    _FLASH25Q32::SPI_Flash_Read(unsigned char*, unsigned, unsigned short) 0x080032d1   Thumb Code    80  dev_flash.o(i._ZN11_FLASH25Q3214SPI_Flash_ReadEPhjt)
    _FLASH25Q32::SPI_Flash_Write(unsigned char*, unsigned, unsigned short) 0x08003325   Thumb Code   186  dev_flash.o(i._ZN11_FLASH25Q3215SPI_Flash_WriteEPhjt)
    _FLASH25Q32::SPI_Flash_ReadID()          0x080033e5   Thumb Code    68  dev_flash.o(i._ZN11_FLASH25Q3216SPI_Flash_ReadIDEv)
    _FLASH25Q32::SPI_Flash_ReadSR()          0x0800342d   Thumb Code    40  dev_flash.o(i._ZN11_FLASH25Q3216SPI_Flash_ReadSREv)
    _FLASH25Q32::SPI_Flash_Read_f(unsigned, float*, unsigned short) 0x08003459   Thumb Code    28  dev_flash.o(i._ZN11_FLASH25Q3216SPI_Flash_Read_fEjPft)
    _FLASH25Q32::SPI_Flash_Write_f(unsigned, float*, unsigned short) 0x08003475   Thumb Code    28  dev_flash.o(i._ZN11_FLASH25Q3217SPI_Flash_Write_fEjPft)
    _FLASH25Q32::SPI_Flash_Wait_Busy()       0x08003491   Thumb Code    22  dev_flash.o(i._ZN11_FLASH25Q3219SPI_Flash_Wait_BusyEv)
    _FLASH25Q32::SPI_Flash_Write_Page(unsigned char*, unsigned, unsigned short) 0x080034a9   Thumb Code    90  dev_flash.o(i._ZN11_FLASH25Q3220SPI_Flash_Write_PageEPhjt)
    _FLASH25Q32::SPI_FLASH_Write_Enable()    0x08003509   Thumb Code    28  dev_flash.o(i._ZN11_FLASH25Q3222SPI_FLASH_Write_EnableEv)
    _FLASH25Q32::SPI_Flash_Erase_Sector(unsigned) 0x08003529   Thumb Code    72  dev_flash.o(i._ZN11_FLASH25Q3222SPI_Flash_Erase_SectorEj)
    _FLASH25Q32::SPI_Flash_Write_NoCheck(unsigned char*, unsigned, unsigned short) 0x08003575   Thumb Code    74  dev_flash.o(i._ZN11_FLASH25Q3223SPI_Flash_Write_NoCheckEPhjt)
    _FLASH25Q32::Init_()                     0x080035c1   Thumb Code    36  dev_flash.o(i._ZN11_FLASH25Q325Init_Ev)
    Vector3f_px4::zero()                     0x080035f9   Thumb Code    26  estimator_utilities.o(i._ZN12Vector3f_px44zeroEv)
    Vector3f_px4::Vector3f_px4(float, float, float) 0x08003619   Thumb Code    14  estimator_22states.o(i._ZN12Vector3f_px4C1Efff)
    Vector3f_px4::Vector3f_px4__sub_object(float, float, float) 0x08003619   Thumb Code     0  estimator_22states.o(i._ZN12Vector3f_px4C1Efff)
    AttitudePositionEstimatorEKF::parameters_update() 0x08003629   Thumb Code   110  ekf_att_pos_estimator_main.o(i._ZN28AttitudePositionEstimatorEKF17parameters_updateEv)
    AttitudePositionEstimatorEKF::AttitudePositionEstimatorEKF() 0x080036bd   Thumb Code   254  ekf_att_pos_estimator_main.o(i._ZN28AttitudePositionEstimatorEKFC1Ev)
    AttitudePositionEstimatorEKF::AttitudePositionEstimatorEKF__sub_object() 0x080036bd   Thumb Code     0  ekf_att_pos_estimator_main.o(i._ZN28AttitudePositionEstimatorEKFC1Ev)
    AttitudePositionEstimatorEKF::~AttitudePositionEstimatorEKF() 0x080037c5   Thumb Code    14  ekf_att_pos_estimator_main.o(i._ZN28AttitudePositionEstimatorEKFD1Ev)
    AttitudePositionEstimatorEKF::~AttitudePositionEstimatorEKF__sub_object() 0x080037c5   Thumb Code     0  ekf_att_pos_estimator_main.o(i._ZN28AttitudePositionEstimatorEKFD1Ev)
    IMU::SensorSample()                      0x080037d5   Thumb Code    84  imu.o(i._ZN3IMU12SensorSampleEv)
    IMU::Init()                              0x08003839   Thumb Code    60  imu.o(i._ZN3IMU4InitEv)
    _DMA::Configuration()                    0x0800387d   Thumb Code   112  dev_dma.o(i._ZN4_DMA13ConfigurationEv)
    _I2C::SingleRead(unsigned char, unsigned char, unsigned char*) 0x080038f5   Thumb Code   110  dev_i2c.o(i._ZN4_I2C10SingleReadEhhPh)
    _I2C::SingleWrite(unsigned char, unsigned char, unsigned char) 0x08003963   Thumb Code    82  dev_i2c.o(i._ZN4_I2C11SingleWriteEhhh)
    _I2C::Ack()                              0x080039b5   Thumb Code    56  dev_i2c.o(i._ZN4_I2C3AckEv)
    _I2C::Stop()                             0x080039f1   Thumb Code    58  dev_i2c.o(i._ZN4_I2C4StopEv)
    _I2C::Delay()                            0x08003a31   Thumb Code    24  dev_i2c.o(i._ZN4_I2C5DelayEv)
    _I2C::NoAck()                            0x08003a49   Thumb Code    58  dev_i2c.o(i._ZN4_I2C5NoAckEv)
    _I2C::Start()                            0x08003a89   Thumb Code    92  dev_i2c.o(i._ZN4_I2C5StartEv)
    _I2C::WaitAck()                          0x08003ae9   Thumb Code    96  dev_i2c.o(i._ZN4_I2C7WaitAckEv)
    _I2C::MultRead(unsigned char, unsigned char, unsigned char, unsigned char*) 0x08003b4d   Thumb Code   136  dev_i2c.o(i._ZN4_I2C8MultReadEhhhPh)
    _I2C::ReadByte(unsigned char)            0x08003bd5   Thumb Code   102  dev_i2c.o(i._ZN4_I2C8ReadByteEh)
    _I2C::SendByte(unsigned char)            0x08003c41   Thumb Code    86  dev_i2c.o(i._ZN4_I2C8SendByteEh)
    _LED::Configuration()                    0x08003c9d   Thumb Code    28  dev_led.o(i._ZN4_LED13ConfigurationEv)
    _PID::Cal()                              0x08003cbd   Thumb Code    50  uav_pid.o(i._ZN4_PID3CalEv)
    _PID::Init(float, float, float)          0x08003cf1   Thumb Code   102  uav_pid.o(i._ZN4_PID4InitEfff)
    _PID::Err_i(float)                       0x08003d5d   Thumb Code    26  uav_pid.o(i._ZN4_PID5Err_iEf)
    _PID::GetErr(float)                      0x08003d77   Thumb Code    14  uav_pid.o(i._ZN4_PID6GetErrEf)
    _RCC::Configuration()                    0x08003d85   Thumb Code   100  dev_rcc.o(i._ZN4_RCC13ConfigurationEv)
    _UAV::Init()                             0x08003ded   Thumb Code   100  uav_init.o(i._ZN4_UAV4InitEv)
    Mat3f::identity()                        0x08003e7d   Thumb Code    74  estimator_utilities.o(i._ZN5Mat3f8identityEv)
    Mat3f::Mat3f()                           0x08003ecd   Thumb Code   148  estimator_22states.o(i._ZN5Mat3fC1Ev)
    Mat3f::Mat3f__sub_object()               0x08003ecd   Thumb Code     0  estimator_22states.o(i._ZN5Mat3fC1Ev)
    _ADRC::Init()                            0x08003f65   Thumb Code   146  uav_adrc.o(i._ZN5_ADRC4InitEv)
    _ADRC::Angular(float)                    0x08004011   Thumb Code  1862  uav_adrc.o(i._ZN5_ADRC7AngularEf)
    _MOTO::MotoBaseInit(TIM_TypeDef*, unsigned char) 0x08004771   Thumb Code   248  dev_moto.o(i._ZN5_MOTO12MotoBaseInitEP11TIM_TypeDefh)
    _MOTO::SetPwm(unsigned short*)           0x0800486d   Thumb Code    56  dev_moto.o(i._ZN5_MOTO6SetPwmEPt)
    _MOTO::MotoInit()                        0x080048a9   Thumb Code    38  dev_moto.o(i._ZN5_MOTO8MotoInitEv)
    _NVIC::Configuration()                   0x080048d5   Thumb Code   122  dev_nvic.o(i._ZN5_NVIC13ConfigurationEv)
    _PORT::Configuration()                   0x08004951   Thumb Code   444  dev_port.o(i._ZN5_PORT13ConfigurationEv)
    Filter::CF_Factor_Cal(float, float)      0x08004b21   Thumb Code    14  uav_filter.o(i._ZN6Filter13CF_Factor_CalEff)
    Filter::Moving_Average(float, float*, unsigned short, unsigned short*, float*) 0x08004b2f   Thumb Code    96  uav_filter.o(i._ZN6Filter14Moving_AverageEfPftPtS0_)
    Filter::LPF_1st_Factor_Cal(float, float) 0x08004b91   Thumb Code    30  uav_filter.o(i._ZN6Filter18LPF_1st_Factor_CalEff)
    Filter::LPF_2nd_Factor_Cal(float, float, Filter::LPF2ndData_t*) 0x08004bb5   Thumb Code   142  uav_filter.o(i._ZN6Filter18LPF_2nd_Factor_CalEffPNS_12LPF2ndData_tE)
    Filter::LPF_2nd(Filter::LPF2ndData_t*, Vector3<float>) 0x08004c49   Thumb Code   192  uav_filter.o(i._ZN6Filter7LPF_2ndEPNS_12LPF2ndData_tE7Vector3IfE)
    NAV_H_::Init()                           0x08004d0d   Thumb Code   126  nav_h.o(i._ZN6NAV_H_4InitEv)
    NAV_V_::get_ms_v(float)                  0x08004d91   Thumb Code   126  nav_speed.o(i._ZN6NAV_V_8get_ms_vEf)
    _DEBUS::RemotCall()                      0x08004e25   Thumb Code   108  dev_debus.o(i._ZN6_DEBUS9RemotCallEv)
    _US100::SampleTriger(float)              0x08004e95   Thumb Code    32  dev_us100.o(i._ZN6_US10012SampleTrigerEf)
    _US100::disCall()                        0x08004eb9   Thumb Code   176  dev_us100.o(i._ZN6_US1007disCallEv)
    _USART::Usart2Call()                     0x08004f81   Thumb Code   330  dev_usart.o(i._ZN6_USART10Usart2CallEv)
    _USART::Usart3Call()                     0x080050f1   Thumb Code    44  dev_usart.o(i._ZN6_USART10Usart3CallEv)
    _USART::Usart6Call()                     0x08005121   Thumb Code    34  dev_usart.o(i._ZN6_USART10Usart6CallEv)
    _USART::Configuration()                  0x0800514d   Thumb Code   250  dev_usart.o(i._ZN6_USART13ConfigurationEv)
    _USART::Uart2_Put_Buf(unsigned char*, unsigned char) 0x08005261   Thumb Code    68  dev_usart.o(i._ZN6_USART13Uart2_Put_BufEPhh)
    _AK8975::DataSample()                    0x080052b1   Thumb Code   360  dev_ak8975.o(i._ZN7_AK897510DataSampleEv)
    _AK8975::MagCalOffset()                  0x0800541d   Thumb Code   620  dev_ak8975.o(i._ZN7_AK897512MagCalOffsetEv)
    _AK8975::SampleTriger()                  0x080056b1   Thumb Code    18  dev_ak8975.o(i._ZN7_AK897512SampleTrigerEv)
    _MS5611::DataUpdate()                    0x080056c5   Thumb Code    64  dev_ms5611.o(i._ZN7_MS561110DataUpdateEv)
    _MS5611::Configuration()                 0x08005709   Thumb Code    40  dev_ms5611.o(i._ZN7_MS561113ConfigurationEv)
    _MS5611::PressureSample()                0x08005731   Thumb Code    22  dev_ms5611.o(i._ZN7_MS561114PressureSampleEv)
    _MS5611::BaroAltCalculate()              0x08005749   Thumb Code   760  dev_ms5611.o(i._ZN7_MS561116BaroAltCalculateEv)
    _MS5611::TemperatureSample()             0x08005a85   Thumb Code    22  dev_ms5611.o(i._ZN7_MS561117TemperatureSampleEv)
    _MS5611::PressureSampleTriger()          0x08005a9b   Thumb Code    18  dev_ms5611.o(i._ZN7_MS561120PressureSampleTrigerEv)
    _MS5611::TemperatureSampleTriger()       0x08005aad   Thumb Code    18  dev_ms5611.o(i._ZN7_MS561123TemperatureSampleTrigerEv)
    _MS5611::Reset()                         0x08005abf   Thumb Code    18  dev_ms5611.o(i._ZN7_MS56115ResetEv)
    _MS5611::ReadProm()                      0x08005ad1   Thumb Code    90  dev_ms5611.o(i._ZN7_MS56118ReadPromEv)
    _CONTROL::Init()                         0x08005b2d   Thumb Code   194  uav_control.o(i._ZN8_CONTROL4InitEv)
    _MAVLINK::Send_Check(unsigned char, unsigned char) 0x08005bf9   Thumb Code    72  dev_mavlink.o(i._ZN8_MAVLINK10Send_CheckEhh)
    _MAVLINK::Send_Power(unsigned short, unsigned short) 0x08005c41   Thumb Code   154  dev_mavlink.o(i._ZN8_MAVLINK10Send_PowerEtt)
    _MAVLINK::Send_RCData(unsigned short, unsigned short, unsigned short, unsigned short, unsigned short, unsigned short, unsigned short, unsigned short, unsigned short, unsigned short) 0x08005cdb   Thumb Code   392  dev_mavlink.o(i._ZN8_MAVLINK11Send_RCDataEtttttttttt)
    _MAVLINK::Send_Senser(short, short, short, short, short, short, short, short, short) 0x08005e63   Thumb Code   412  dev_mavlink.o(i._ZN8_MAVLINK11Send_SenserEsssssssss)
    _MAVLINK::Send_Status(float, float, float, int, unsigned char, unsigned char) 0x08006001   Thumb Code   368  dev_mavlink.o(i._ZN8_MAVLINK11Send_StatusEfffihh)
    _MAVLINK::Send_Senser2(int, unsigned short) 0x08006175   Thumb Code   186  dev_mavlink.o(i._ZN8_MAVLINK12Send_Senser2Eit)
    _MAVLINK::Send_Version(unsigned char, unsigned short, unsigned short, unsigned short, unsigned short) 0x0800622f   Thumb Code   216  dev_mavlink.o(i._ZN8_MAVLINK12Send_VersionEhtttt)
    _MAVLINK::Data_Exchange()                0x08006309   Thumb Code  1116  dev_mavlink.o(i._ZN8_MAVLINK13Data_ExchangeEv)
    _MAVLINK::Data_Receive_Anl(unsigned char*, unsigned char) 0x08006769   Thumb Code  1330  dev_mavlink.o(i._ZN8_MAVLINK16Data_Receive_AnlEPhh)
    _MAVLINK::Send_PID(unsigned char, float, float, float, float, float, float, float, float, float) 0x08006ca9   Thumb Code   606  dev_mavlink.o(i._ZN8_MAVLINK8Send_PIDEhfffffffff)
    _MAVLINK::Send_Data(unsigned char*, unsigned char) 0x08006f0d   Thumb Code    22  dev_mavlink.o(i._ZN8_MAVLINK9Send_DataEPhh)
    _MPU6050::DataSample()                   0x08006f29   Thumb Code   314  dev_mup6050.o(i._ZN8_MPU605010DataSampleEv)
    _MPU6050::GetGyro2dps()                  0x08007065   Thumb Code    78  dev_mup6050.o(i._ZN8_MPU605011GetGyro2dpsEv)
    _MPU6050::I2CwriteBit(unsigned char, unsigned char, unsigned char, unsigned char) 0x080070b9   Thumb Code    94  dev_mup6050.o(i._ZN8_MPU605011I2CwriteBitEhhhh)
    _MPU6050::AccCalOffset()                 0x08007119   Thumb Code   266  dev_mup6050.o(i._ZN8_MPU605012AccCalOffsetEv)
    _MPU6050::I2CwriteBits(unsigned char, unsigned char, unsigned char, unsigned char, unsigned char) 0x0800723d   Thumb Code   110  dev_mup6050.o(i._ZN8_MPU605012I2CwriteBitsEhhhhh)
    _MPU6050::SetI2CBypass(unsigned char)    0x080072ab   Thumb Code    22  dev_mup6050.o(i._ZN8_MPU605012SetI2CBypassEh)
    _MPU6050::Configuration(unsigned short)  0x080072c1   Thumb Code   194  dev_mup6050.o(i._ZN8_MPU605013ConfigurationEt)
    _MPU6050::GyroCalOffset()                0x08007385   Thumb Code   216  dev_mup6050.o(i._ZN8_MPU605013GyroCalOffsetEv)
    _MPU6050::GyroAutoOffset(unsigned char)  0x08007471   Thumb Code   588  dev_mup6050.o(i._ZN8_MPU605014GyroAutoOffsetEh)
    _MPU6050::SetClockSource(unsigned char)  0x080076c5   Thumb Code    26  dev_mup6050.o(i._ZN8_MPU605014SetClockSourceEh)
    _MPU6050::SetI2CMasterMode(unsigned char) 0x080076df   Thumb Code    22  dev_mup6050.o(i._ZN8_MPU605016SetI2CMasterModeEh)
    _MPU6050::SetFullScaleGyroRange(unsigned char) 0x080076f5   Thumb Code    46  dev_mup6050.o(i._ZN8_MPU605021SetFullScaleGyroRangeEh)
    _MPU6050::SetFullScaleAccelRange(unsigned char) 0x08007723   Thumb Code    46  dev_mup6050.o(i._ZN8_MPU605022SetFullScaleAccelRangeEh)
    _MPU6050::Read()                         0x08007751   Thumb Code    24  dev_mup6050.o(i._ZN8_MPU60504ReadEv)
    _MPU6050::SetDLPF(unsigned char)         0x08007769   Thumb Code    26  dev_mup6050.o(i._ZN8_MPU60507SetDLPFEh)
    _MPU6050::SetSleep(unsigned char)        0x08007783   Thumb Code    22  dev_mup6050.o(i._ZN8_MPU60508SetSleepEh)
    _MPU6050::SetSample(unsigned short)      0x08007799   Thumb Code    32  dev_mup6050.o(i._ZN8_MPU60509SetSampleEt)
    _MPU6050::_MPU6050()                     0x080077b9   Thumb Code   150  dev_mup6050.o(i._ZN8_MPU6050C1Ev)
    _MPU6050::_MPU6050__sub_object()         0x080077b9   Thumb Code     0  dev_mup6050.o(i._ZN8_MPU6050C1Ev)
    AttPosEKF::ZeroVariables()               0x08007851   Thumb Code   460  estimator_22states.o(i._ZN9AttPosEKF13ZeroVariablesEv)
    AttPosEKF::ConstrainFloat(float, float, float) 0x08007a35   Thumb Code   170  estimator_22states.o(i._ZN9AttPosEKF14ConstrainFloatEfff)
    AttPosEKF::mag_state_struct::mag_state_struct() 0x08007b31   Thumb Code    20  estimator_22states.o(i._ZN9AttPosEKF16mag_state_structC1Ev)
    AttPosEKF::mag_state_struct::mag_state_struct__sub_object() 0x08007b31   Thumb Code     0  estimator_22states.o(i._ZN9AttPosEKF16mag_state_structC1Ev)
    AttPosEKF::InitialiseParameters()        0x08007b45   Thumb Code   206  estimator_22states.o(i._ZN9AttPosEKF20InitialiseParametersEv)
    AttPosEKF::AttPosEKF()                   0x08007c45   Thumb Code  1166  estimator_22states.o(i._ZN9AttPosEKFC1Ev)
    AttPosEKF::AttPosEKF__sub_object()       0x08007c45   Thumb Code     0  estimator_22states.o(i._ZN9AttPosEKFC1Ev)
    AttPosEKF::~AttPosEKF()                  0x080080d3   Thumb Code     2  estimator_22states.o(i._ZN9AttPosEKFD1Ev)
    AttPosEKF::~AttPosEKF__sub_object()      0x080080d3   Thumb Code     0  estimator_22states.o(i._ZN9AttPosEKFD1Ev)
    _ATTITUDE::DISControl(float)             0x080080d5   Thumb Code   526  uav_attitude.o(i._ZN9_ATTITUDE10DISControlEf)
    _ATTITUDE::Init()                        0x08008319   Thumb Code   130  uav_attitude.o(i._ZN9_ATTITUDE4InitEv)
    __0printf                                0x080083a5   Thumb Code    22  printfa.o(i.__0printf)
    __1printf                                0x080083a5   Thumb Code     0  printfa.o(i.__0printf)
    __2printf                                0x080083a5   Thumb Code     0  printfa.o(i.__0printf)
    __c89printf                              0x080083a5   Thumb Code     0  printfa.o(i.__0printf)
    printf                                   0x080083a5   Thumb Code     0  printfa.o(i.__0printf)
    __ARM_isfinitef                          0x080083c5   Thumb Code    18  ekf_att_pos_estimator_main.o(i.__ARM_isfinitef)
    __aeabi_atexit                           0x080083d7   Thumb Code    50  aeabi_atexit.o(i.__aeabi_atexit)
    __cxa_finalize                           0x08008409   Thumb Code    66  cxa_finalize.o(i.__cxa_finalize)
    __cxa_guard_acquire                      0x0800844b   Thumb Code    16  cxa_guard_acquire.o(i.__cxa_guard_acquire)
    __hardfp_sqrtf                           0x0800845b   Thumb Code    58  sqrtf.o(i.__hardfp_sqrtf)
    __scatterload_copy                       0x08008495   Thumb Code    14  handlers.o(i.__scatterload_copy)
    __scatterload_null                       0x080084a3   Thumb Code     2  handlers.o(i.__scatterload_null)
    __scatterload_zeroinit                   0x080084a5   Thumb Code    14  handlers.o(i.__scatterload_zeroinit)
    __set_errno                              0x080084b5   Thumb Code     6  errno.o(i.__set_errno)
    fputc                                    0x08008ea9   Thumb Code    32  dev_usart.o(i.fputc)
    free                                     0x08008ecd   Thumb Code    76  malloc.o(i.free)
    main                                     0x08008f1d   Thumb Code   100  uav_task.o(i.main)
    malloc                                   0x08008f8d   Thumb Code    92  malloc.o(i.malloc)
    Vector3<float>::Vector3(float, float, float) 0x08008ff9   Thumb Code    14  imu_dcm.o(t._ZN7Vector3IfEC1Efff)
    Vector3<float>::Vector3__sub_object(float, float, float) 0x08008ff9   Thumb Code     0  imu_dcm.o(t._ZN7Vector3IfEC1Efff)
    Vector3<float>::Vector3()                0x08009009   Thumb Code    18  imu.o(t._ZN7Vector3IfEC1Ev)
    Vector3<float>::Vector3__sub_object()    0x08009009   Thumb Code     0  imu.o(t._ZN7Vector3IfEC1Ev)
    Vector3<float>::operator ()(float, float, float) 0x08009021   Thumb Code    14  dev_ak8975.o(t._ZN7Vector3IfEclEfff)
    Vector3<float>::operator +=(const Vector3<float>&) 0x0800902f   Thumb Code    50  cal_vector3.o(t._ZN7Vector3IfEpLERKS0_)
    Vector3<short>::Vector3()                0x08009061   Thumb Code    10  uav_filter.o(t._ZN7Vector3IsEC1Ev)
    Vector3<short>::Vector3__sub_object()    0x08009061   Thumb Code     0  uav_filter.o(t._ZN7Vector3IsEC1Ev)
    Vector3<float>::operator /(float) const  0x0800906b   Thumb Code    88  cal_vector3.o(t._ZNK7Vector3IfEdvEf)
    Vector3<float>::operator -(const Vector3<float>&) const 0x080090c3   Thumb Code    74  cal_vector3.o(t._ZNK7Vector3IfEmiERKS0_)
    Vector3<float>::operator *(const Vector3<float>&) const 0x0800910d   Thumb Code    38  cal_vector3.o(t._ZNK7Vector3IfEmlERKS0_)
    Vector3<float>::operator *(float) const  0x08009133   Thumb Code    76  cal_vector3.o(t._ZNK7Vector3IfEmlEf)
    Vector3<float>::operator +(const Vector3<float>&) const 0x0800917f   Thumb Code    74  cal_vector3.o(t._ZNK7Vector3IfEplERKS0_)
    Region$$Table$$Base                      0x080091ec   Number         0  anon$$obj.o(Region$$Table)
    Region$$Table$$Limit                     0x0800920c   Number         0  anon$$obj.o(Region$$Table)
    SHT$$INIT_ARRAY$$Base                    0x0800920c   Number         0  uav_task.o(.init_array)
    SHT$$INIT_ARRAY$$Limit                   0x0800922c   Number         0  cpp_init.o(.init_array)
    counT                                    0x20000000   Data           4  uav_task.o(.data)
    up                                       0x20000004   Data           4  uav_task.o(.data)
    Control                                  0x20000008   Data           1  uav_control.o(.data)
    Adrc_                                    0x2000000c   Data           1  uav_adrc.o(.data)
    sgt                                      0x20000010   Data           4  uav_adrc.o(.data)
    agut                                     0x20000014   Data           4  uav_adrc.o(.data)
    filter                                   0x2000001c   Data           1  uav_filter.o(.data)
    h                                        0x20000084   Data           2  nav_speed.o(.data)
    k                                        0x20000088   Data           4  nav_speed.o(.data)
    i                                        0x2000008c   Data           4  nav_speed.o(.data)
    Led                                      0x200000a8   Data           1  dev_led.o(.data)
    Moto                                     0x200000a9   Data           1  dev_moto.o(.data)
    Usart                                    0x200000aa   Data           1  dev_usart.o(.data)
    TxCounter                                0x200000ab   Data           1  dev_usart.o(.data)
    count                                    0x200000ac   Data           1  dev_usart.o(.data)
    sysTickUptime                            0x200000b0   Data           4  dev_clock.o(.data)
    loop_cnt                                 0x200000b4   Data           2  dev_clock.o(.data)
    time_1h                                  0x200000b8   Data           4  dev_clock.o(.data)
    time_1m                                  0x200000bc   Data           4  dev_clock.o(.data)
    time_1s                                  0x200000c0   Data           4  dev_clock.o(.data)
    time_1ms                                 0x200000c4   Data           4  dev_clock.o(.data)
    TransferError                            0x200000ee   Data           1  dev_sd.o(.data)
    TransferEnd                              0x200000ef   Data           1  dev_sd.o(.data)
    tempbuff                                 0x200000f0   Data           4  dev_sd.o(.data)
    state                                    0x200000f4   Data           4  dev_sd.o(.data)
    adrr1                                    0x20000108   Data           4  dev_flash.o(.data)
    adrr2                                    0x2000010c   Data           4  dev_flash.o(.data)
    adrr3                                    0x20000110   Data           4  dev_flash.o(.data)
    adrr4                                    0x20000114   Data           4  dev_flash.o(.data)
    flash25q32                               0x20000118   Data           1  dev_flash.o(.data)
    SPI_FLASH_TYPE                           0x2000011a   Data           2  dev_flash.o(.data)
    GPSUSART_RX_ready                        0x2000011e   Data           1  dev_gps.o(.data)
    GPSUSART_RX_STA                          0x20000120   Data           2  dev_gps.o(.data)
    rtInf                                    0x20000128   Data           8  rt_nonfinite.o(.data)
    rtMinusInf                               0x20000130   Data           8  rt_nonfinite.o(.data)
    rtNaN                                    0x20000138   Data           8  rt_nonfinite.o(.data)
    rtInfF                                   0x20000140   Data           4  rt_nonfinite.o(.data)
    rtMinusInfF                              0x20000144   Data           4  rt_nonfinite.o(.data)
    rtNaNF                                   0x20000148   Data           4  rt_nonfinite.o(.data)
    ctrl                                     0x2000014c   Data           8  control_v.o(.data)
    __stdout                                 0x20000168   Data           4  stdout.o(.data)
    __microlib_freelist                      0x20000174   Data           4  mvars.o(.data)
    __microlib_freelist_initialised          0x20000178   Data           4  mvars.o(.data)
    UAV                                      0x2000017c   Data          12  uav_task.o(.bss)
    qAngle                                   0x20000188   Data         192  uav_control.o(.bss)
    qAngular                                 0x20000248   Data         192  uav_control.o(.bss)
    td                                       0x20000320   Data          48  uav_adrc.o(.bss)
    tdr                                      0x20000350   Data          48  uav_adrc.o(.bss)
    eptd                                     0x20000380   Data          48  uav_adrc.o(.bss)
    ottd                                     0x200003b0   Data          48  uav_adrc.o(.bss)
    aglp                                     0x200003e0   Data          84  uav_adrc.o(.bss)
    epag                                     0x20000434   Data          12  uav_adrc.o(.bss)
    agulp                                    0x20000440   Data          84  uav_adrc.o(.bss)
    Rc                                       0x200004a0   Data          52  uav_rc.o(.bss)
    Pamameter                                0x200004d4   Data         160  uav_parameter.o(.bss)
    att_ekf                                  0x20000578   Data       13776  ekf_att_pos_estimator_main.o(.bss)
    att_pos_ekf                              0x20003b48   Data       13256  ekf_att_pos_estimator_main.o(.bss)
    imu                                      0x20006f10   Data          88  imu.o(.bss)
    z_dis                                    0x20006f68   Data         128  uav_attitude.o(.bss)
    z_spe                                    0x20006fe8   Data         128  uav_attitude.o(.bss)
    Attitude                                 0x20007068   Data          92  uav_attitude.o(.bss)
    nav_v                                    0x200070c4   Data          20  nav_speed.o(.bss)
    nav_h                                    0x200070d8   Data         168  nav_h.o(.bss)
    X                                        0x20007180   Data          12  nav_h_ekf.o(.bss)
    P                                        0x2000718c   Data          36  nav_h_ekf.o(.bss)
    TxBuffer                                 0x200071b0   Data         256  dev_usart.o(.bss)
    Debus                                    0x200072e2   Data          12  dev_debus.o(.bss)
    Cycle_T                                  0x200072f0   Data          48  dev_clock.o(.bss)
    loop                                     0x20007320   Data          18  dev_clock.o(.bss)
    Ak8975                                   0x20007334   Data          60  dev_ak8975.o(.bss)
    Mavlink                                  0x2000737c   Data          65  dev_mavlink.o(.bss)
    debug                                    0x200073be   Data          20  dev_mavlink.o(.bss)
    Ms5611                                   0x200073d4   Data         296  dev_ms5611.o(.bss)
    SDIO_InitStructure                       0x20007500   Data          24  dev_sd.o(.bss)
    SDIO_CmdInitStructure                    0x20007518   Data          20  dev_sd.o(.bss)
    SDIO_DataInitStructure                   0x2000752c   Data          24  dev_sd.o(.bss)
    SDCardInfo                               0x20007568   Data          88  dev_sd.o(.bss)
    SDIO_DATA_BUFFER                         0x200075c0   Data         512  dev_sd.o(.bss)
    Mpu6050                                  0x200077c0   Data         176  dev_mup6050.o(.bss)
    SPI_InitStructure                        0x20007888   Data          18  dev_spi.o(.bss)
    SPI_FLASH_BUF                            0x2000789a   Data        4096  dev_flash.o(.bss)
    Dma                                      0x2000889a   Data          18  dev_dma.o(.bss)
    Us100                                    0x200088ac   Data          20  dev_us100.o(.bss)
    gpsx                                     0x200088c0   Data         105  dev_gps.o(.bss)
    GPSUSART_RX_BUF                          0x20008929   Data         800  dev_gps.o(.bss)
    GPSUSART_RX_BUF_old                      0x20008c49   Data         800  dev_gps.o(.bss)
    GPSUSART_TX_BUF                          0x20008f69   Data         300  dev_gps.o(.bss)
    __heap_base                              0x20009098   Data           0  startup_stm32f40_41xxx.o(HEAP)
    __heap_limit                             0x20009298   Data           0  startup_stm32f40_41xxx.o(HEAP)
    __initial_sp                             0x20009698   Data           0  startup_stm32f40_41xxx.o(STACK)



==============================================================================

Memory Map of the image

  Image Entry point : 0x08000189

  Load Region LR_IROM1 (Base: 0x08000000, Size: 0x000093a8, Max: 0x00100000, ABSOLUTE, COMPRESSED[0x0000925c])

    Execution Region ER_IROM1 (Base: 0x08000000, Size: 0x0000922c, Max: 0x00100000, ABSOLUTE)

    Base Addr    Size         Type   Attr      Idx    E Section Name        Object

    0x08000000   0x00000188   Data   RO         5702    RESET               startup_stm32f40_41xxx.o
    0x08000188   0x00000000   Code   RO         7680  * .ARM.Collect$$$$00000000  mc_w.l(entry.o)
    0x08000188   0x00000004   Code   RO         8033    .ARM.Collect$$$$00000001  mc_w.l(entry2.o)
    0x0800018c   0x00000004   Code   RO         8036    .ARM.Collect$$$$00000004  mc_w.l(entry5.o)
    0x08000190   0x00000000   Code   RO         8038    .ARM.Collect$$$$00000008  mc_w.l(entry7b.o)
    0x08000190   0x00000004   Code   RO         8039    .ARM.Collect$$$$00000009  mc_w.l(entry8a.o)
    0x08000194   0x00000000   Code   RO         8040    .ARM.Collect$$$$0000000A  mc_w.l(entry8b.o)
    0x08000194   0x00000008   Code   RO         8041    .ARM.Collect$$$$0000000B  mc_w.l(entry9a.o)
    0x0800019c   0x00000000   Code   RO         8043    .ARM.Collect$$$$0000000D  mc_w.l(entry10a.o)
    0x0800019c   0x00000000   Code   RO         8045    .ARM.Collect$$$$0000000F  mc_w.l(entry11a.o)
    0x0800019c   0x00000004   Code   RO         8034    .ARM.Collect$$$$00002712  mc_w.l(entry2.o)
    0x080001a0   0x00000024   Code   RO         5703    .text               startup_stm32f40_41xxx.o
    0x080001c4   0x00000062   Code   RO         7683    .text               mc_w.l(uldiv.o)
    0x08000226   0x00000024   Code   RO         7689    .text               mc_w.l(memseta.o)
    0x0800024a   0x00000024   Code   RO         7691    .text               mc_w.l(strstr.o)
    0x0800026e   0x00000002   PAD
    0x08000270   0x00000020   Code   RO         7959    .text               mc_w.l(cpp_init.o)
    0x08000290   0x0000014e   Code   RO         7961    .text               mf_w.l(dadd.o)
    0x080003de   0x000000e4   Code   RO         7963    .text               mf_w.l(dmul.o)
    0x080004c2   0x000000de   Code   RO         7965    .text               mf_w.l(ddiv.o)
    0x080005a0   0x00000026   Code   RO         7975    .text               mf_w.l(f2d.o)
    0x080005c6   0x00000002   PAD
    0x080005c8   0x00000030   Code   RO         7977    .text               mf_w.l(cdcmple.o)
    0x080005f8   0x00000030   Code   RO         7979    .text               mf_w.l(cdrcmple.o)
    0x08000628   0x00000038   Code   RO         7981    .text               mf_w.l(d2f.o)
    0x08000660   0x0000002c   Code   RO         8048    .text               mc_w.l(uidiv.o)
    0x0800068c   0x0000001e   Code   RO         8050    .text               mc_w.l(llshl.o)
    0x080006aa   0x00000020   Code   RO         8052    .text               mc_w.l(llushr.o)
    0x080006ca   0x00000024   Code   RO         8054    .text               mc_w.l(llsshr.o)
    0x080006ee   0x00000000   Code   RO         8091    .text               mc_w.l(iusefp.o)
    0x080006ee   0x00000002   PAD
    0x080006f0   0x00000008   Code   RO         8092    .text               mc_w.l(cpp_dtor.o)
    0x080006f8   0x00000002   Code   RO         8095    .text               mc_w.l(cpp_final.o)
    0x080006fa   0x0000006e   Code   RO         8100    .text               mf_w.l(fepilogue.o)
    0x08000768   0x000000ba   Code   RO         8102    .text               mf_w.l(depilogue.o)
    0x08000822   0x00000030   Code   RO         8104    .text               mf_w.l(dfixul.o)
    0x08000852   0x00000002   PAD
    0x08000854   0x00000024   Code   RO         8112    .text               mc_w.l(init.o)
    0x08000878   0x00000056   Code   RO         8128    .text               mc_w.l(__dczerorl2.o)
    0x080008ce   0x00000004   Code   RO         5126    i.BusFault_Handler  stm32f4xx_it.o
    0x080008d2   0x00000002   PAD
    0x080008d4   0x00000034   Code   RO         4067    i.DMA2_Stream2_IRQHandler  dev_dma.o
    0x08000908   0x00000034   Code   RO         5907    i.DMA_ClearFlag     F407lib.lib(stm32f4xx_dma.o)
    0x0800093c   0x00000034   Code   RO         5908    i.DMA_ClearITPendingBit  F407lib.lib(stm32f4xx_dma.o)
    0x08000970   0x00000016   Code   RO         5909    i.DMA_Cmd           F407lib.lib(stm32f4xx_dma.o)
    0x08000986   0x00000002   PAD
    0x08000988   0x00000158   Code   RO         5910    i.DMA_DeInit        F407lib.lib(stm32f4xx_dma.o)
    0x08000ae0   0x00000064   Code   RO         5919    i.DMA_GetITStatus   F407lib.lib(stm32f4xx_dma.o)
    0x08000b44   0x0000003a   Code   RO         5920    i.DMA_ITConfig      F407lib.lib(stm32f4xx_dma.o)
    0x08000b7e   0x00000002   PAD
    0x08000b80   0x00000058   Code   RO         5921    i.DMA_Init          F407lib.lib(stm32f4xx_dma.o)
    0x08000bd8   0x00000002   Code   RO         5127    i.DebugMon_Handler  stm32f4xx_it.o
    0x08000bda   0x00000090   Code   RO         6040    i.GPIO_Init         F407lib.lib(stm32f4xx_gpio.o)
    0x08000c6a   0x00000046   Code   RO         6041    i.GPIO_PinAFConfig  F407lib.lib(stm32f4xx_gpio.o)
    0x08000cb0   0x00000004   Code   RO         6047    i.GPIO_ResetBits    F407lib.lib(stm32f4xx_gpio.o)
    0x08000cb4   0x00000004   Code   RO         6048    i.GPIO_SetBits      F407lib.lib(stm32f4xx_gpio.o)
    0x08000cb8   0x00000004   Code   RO         5128    i.HardFault_Handler  stm32f4xx_it.o
    0x08000cbc   0x00000004   Code   RO         5129    i.MemManage_Handler  stm32f4xx_it.o
    0x08000cc0   0x00000002   Code   RO         5130    i.NMI_Handler       stm32f4xx_it.o
    0x08000cc2   0x00000002   PAD
    0x08000cc4   0x00000078   Code   RO         5754    i.NVIC_Init         F407lib.lib(misc.o)
    0x08000d3c   0x00000014   Code   RO         5755    i.NVIC_PriorityGroupConfig  F407lib.lib(misc.o)
    0x08000d50   0x00000002   Code   RO         5131    i.PendSV_Handler    stm32f4xx_it.o
    0x08000d52   0x00000002   PAD
    0x08000d54   0x00000020   Code   RO         6141    i.RCC_AHB1PeriphClockCmd  F407lib.lib(stm32f4xx_rcc.o)
    0x08000d74   0x00000020   Code   RO         6150    i.RCC_APB1PeriphClockCmd  F407lib.lib(stm32f4xx_rcc.o)
    0x08000d94   0x00000020   Code   RO         6152    i.RCC_APB1PeriphResetCmd  F407lib.lib(stm32f4xx_rcc.o)
    0x08000db4   0x00000020   Code   RO         6153    i.RCC_APB2PeriphClockCmd  F407lib.lib(stm32f4xx_rcc.o)
    0x08000dd4   0x00000020   Code   RO         6155    i.RCC_APB2PeriphResetCmd  F407lib.lib(stm32f4xx_rcc.o)
    0x08000df4   0x000000e8   Code   RO         6162    i.RCC_GetClocksFreq  F407lib.lib(stm32f4xx_rcc.o)
    0x08000edc   0x0000000c   Code   RO         6426    i.SDIO_ClearFlag    F407lib.lib(stm32f4xx_sdio.o)
    0x08000ee8   0x00000018   Code   RO         6438    i.SDIO_GetFlagStatus  F407lib.lib(stm32f4xx_sdio.o)
    0x08000f00   0x00000008   Code   RO         3431    i.SDIO_IRQHandler   dev_sd.o
    0x08000f08   0x0000002c   Code   RO         6446    i.SDIO_SendCommand  F407lib.lib(stm32f4xx_sdio.o)
    0x08000f34   0x00000018   Code   RO         6629    i.SPI_Cmd           F407lib.lib(stm32f4xx_spi.o)
    0x08000f4c   0x00000012   Code   RO         6637    i.SPI_I2S_GetFlagStatus  F407lib.lib(stm32f4xx_spi.o)
    0x08000f5e   0x00000006   Code   RO         6640    i.SPI_I2S_ReceiveData  F407lib.lib(stm32f4xx_spi.o)
    0x08000f64   0x00000004   Code   RO         6641    i.SPI_I2S_SendData  F407lib.lib(stm32f4xx_spi.o)
    0x08000f68   0x0000003c   Code   RO         6642    i.SPI_Init          F407lib.lib(stm32f4xx_spi.o)
    0x08000fa4   0x00000002   Code   RO         5132    i.SVC_Handler       stm32f4xx_it.o
    0x08000fa6   0x00000028   Code   RO         5758    i.SysTick_CLKSourceConfig  F407lib.lib(misc.o)
    0x08000fce   0x00000002   PAD
    0x08000fd0   0x00000018   Code   RO         3043    i.SysTick_Handler   dev_clock.o
    0x08000fe8   0x00000068   Code   RO         5711    i.SystemInit        system_stm32f4xx.o
    0x08001050   0x00000018   Code   RO         6795    i.TIM_ARRPreloadConfig  F407lib.lib(stm32f4xx_tim.o)
    0x08001068   0x00000018   Code   RO         6807    i.TIM_Cmd           F407lib.lib(stm32f4xx_tim.o)
    0x08001080   0x0000001e   Code   RO         6809    i.TIM_CtrlPWMOutputs  F407lib.lib(stm32f4xx_tim.o)
    0x0800109e   0x00000002   PAD
    0x080010a0   0x0000007c   Code   RO         6836    i.TIM_OC1Init       F407lib.lib(stm32f4xx_tim.o)
    0x0800111c   0x00000012   Code   RO         6839    i.TIM_OC1PreloadConfig  F407lib.lib(stm32f4xx_tim.o)
    0x0800112e   0x00000002   PAD
    0x08001130   0x000000a4   Code   RO         6841    i.TIM_OC2Init       F407lib.lib(stm32f4xx_tim.o)
    0x080011d4   0x0000001a   Code   RO         6844    i.TIM_OC2PreloadConfig  F407lib.lib(stm32f4xx_tim.o)
    0x080011ee   0x00000002   PAD
    0x080011f0   0x000000a0   Code   RO         6846    i.TIM_OC3Init       F407lib.lib(stm32f4xx_tim.o)
    0x08001290   0x00000012   Code   RO         6849    i.TIM_OC3PreloadConfig  F407lib.lib(stm32f4xx_tim.o)
    0x080012a2   0x00000002   PAD
    0x080012a4   0x00000078   Code   RO         6851    i.TIM_OC4Init       F407lib.lib(stm32f4xx_tim.o)
    0x0800131c   0x0000001a   Code   RO         6853    i.TIM_OC4PreloadConfig  F407lib.lib(stm32f4xx_tim.o)
    0x08001336   0x00000004   Code   RO         6869    i.TIM_SetCompare1   F407lib.lib(stm32f4xx_tim.o)
    0x0800133a   0x00000004   Code   RO         6870    i.TIM_SetCompare2   F407lib.lib(stm32f4xx_tim.o)
    0x0800133e   0x00000004   Code   RO         6871    i.TIM_SetCompare3   F407lib.lib(stm32f4xx_tim.o)
    0x08001342   0x00000004   Code   RO         6872    i.TIM_SetCompare4   F407lib.lib(stm32f4xx_tim.o)
    0x08001346   0x00000002   PAD
    0x08001348   0x00000084   Code   RO         6879    i.TIM_TimeBaseInit  F407lib.lib(stm32f4xx_tim.o)
    0x080013cc   0x00000010   Code   RO         5133    i.USART2_IRQHandler  stm32f4xx_it.o
    0x080013dc   0x00000010   Code   RO         5134    i.USART3_IRQHandler  stm32f4xx_it.o
    0x080013ec   0x00000010   Code   RO         5135    i.USART6_IRQHandler  stm32f4xx_it.o
    0x080013fc   0x0000001e   Code   RO         7358    i.USART_ClearITPendingBit  F407lib.lib(stm32f4xx_usart.o)
    0x0800141a   0x00000018   Code   RO         7361    i.USART_Cmd         F407lib.lib(stm32f4xx_usart.o)
    0x08001432   0x00000012   Code   RO         7362    i.USART_DMACmd      F407lib.lib(stm32f4xx_usart.o)
    0x08001444   0x000000b4   Code   RO         7363    i.USART_DeInit      F407lib.lib(stm32f4xx_usart.o)
    0x080014f8   0x0000001a   Code   RO         7364    i.USART_GetFlagStatus  F407lib.lib(stm32f4xx_usart.o)
    0x08001512   0x00000054   Code   RO         7365    i.USART_GetITStatus  F407lib.lib(stm32f4xx_usart.o)
    0x08001566   0x0000004a   Code   RO         7367    i.USART_ITConfig    F407lib.lib(stm32f4xx_usart.o)
    0x080015b0   0x000000d4   Code   RO         7368    i.USART_Init        F407lib.lib(stm32f4xx_usart.o)
    0x08001684   0x0000000a   Code   RO         7375    i.USART_ReceiveData  F407lib.lib(stm32f4xx_usart.o)
    0x0800168e   0x00000008   Code   RO         7378    i.USART_SendData    F407lib.lib(stm32f4xx_usart.o)
    0x08001696   0x00000004   Code   RO         5136    i.UsageFault_Handler  stm32f4xx_it.o
    0x0800169a   0x00000002   PAD
    0x0800169c   0x00000064   Code   RO         3044    i._Z10Loop_checkv   dev_clock.o
    0x08001700   0x00000048   Code   RO            4    i._Z10task_10_msv   uav_task.o
    0x08001748   0x00000008   Code   RO            5    i._Z10task_20_msv   uav_task.o
    0x08001750   0x00000014   Code   RO            6    i._Z10task_50_msv   uav_task.o
    0x08001764   0x00000080   Code   RO         3045    i._Z11Get_Cycle_Th  dev_clock.o
    0x080017e4   0x000000ec   Code   RO         5712    i._Z11SetSysClockv  system_stm32f4xx.o
    0x080018d0   0x00000030   Code   RO         4145    i._Z12GPS_AnalysisP8nmea_msgPh  dev_gps.o
    0x08001900   0x000000ea   Code   RO         4146    i._Z12NMEA_Str2numPhS_  dev_gps.o
    0x080019ea   0x00000002   PAD
    0x080019ec   0x0000006c   Code   RO         3439    i._Z13CmdResp1Errorh  dev_sd.o
    0x08001a58   0x00000034   Code   RO         3046    i._Z13GetSysTime_usv  dev_clock.o
    0x08001a8c   0x00000024   Code   RO         3890    i._Z13SPI1_SetSpeedh  dev_spi.o
    0x08001ab0   0x00000098   Code   RO         5069    i._Z13rtGetMinusInfv  rtgetinf_1.o
    0x08001b48   0x00000032   Code   RO         4147    i._Z14NMEA_Comma_PosPhh  dev_gps.o
    0x08001b7a   0x0000000a   Code   RO         4984    i._Z14fal_initializev  fal_initialize.o
    0x08001b84   0x0000004c   Code   RO         2496    i._Z14nav_h_ekf_initv  nav_h_ekf.o
    0x08001bd0   0x00000010   Code   RO         5070    i._Z14rtGetMinusInfFv  rtgetinf_1.o
    0x08001be0   0x0000006a   Code   RO         4852    i._Z15TrackingDiffCalR13Tracking_Diffff  cal_adrc.o
    0x08001c4a   0x00000002   PAD
    0x08001c4c   0x00000154   Code   RO         3449    i._Z16SD_ProcessIRQSrcv  dev_sd.o
    0x08001da0   0x0000002c   Code   RO         4854    i._Z16TrackingDiffInitR13Tracking_Difff  cal_adrc.o
    0x08001dcc   0x0000005c   Code   RO         5016    i._Z16rt_InitInfAndNaNj  rt_nonfinite.o
    0x08001e28   0x0000003c   Code   RO         4148    i._Z17GPS_DataCacheCallh  dev_gps.o
    0x08001e64   0x00000054   Code   RO         3891    i._Z18SPI1_ReadWriteByteh  dev_spi.o
    0x08001eb8   0x00000068   Code   RO         4149    i._Z19NMEA_GPGGA_AnalysisP8nmea_msgPh  dev_gps.o
    0x08001f20   0x000000b8   Code   RO         4150    i._Z19NMEA_GPGSA_AnalysisP8nmea_msgPh  dev_gps.o
    0x08001fd8   0x0000012c   Code   RO         4151    i._Z19NMEA_GPGSV_AnalysisP8nmea_msgPh  dev_gps.o
    0x08002104   0x00000220   Code   RO         4152    i._Z19NMEA_GPRMC_AnalysisP8nmea_msgPh  dev_gps.o
    0x08002324   0x00000058   Code   RO         4153    i._Z19NMEA_GPVTG_AnalysisP8nmea_msgPh  dev_gps.o
    0x0800237c   0x0000006c   Code   RO         3048    i._Z21SysTick_Configurationv  dev_clock.o
    0x080023e8   0x0000023c   Code   RO         4926    i._Z4fhanffff       fhan.o
    0x08002624   0x00000008   Code   RO         1220    i._Z6millisv        ekf_att_pos_estimator_main.o
    0x0800262c   0x00000014   Code   RO         4278    i._Z7radiansf       cal_math.o
    0x08002640   0x00000018   Code   RO         3049    i._Z8Delay_msj      dev_clock.o
    0x08002658   0x00000018   Code   RO         3050    i._Z8Delay_usj      dev_clock.o
    0x08002670   0x00000048   Code   RO         4154    i._Z8GPS_Callv      dev_gps.o
    0x080026b8   0x00000016   Code   RO         4155    i._Z8NMEA_Powhh     dev_gps.o
    0x080026ce   0x00000002   PAD
    0x080026d0   0x00000080   Code   RO            7    i._Z8TaskLoopv      uav_task.o
    0x08002750   0x00000098   Code   RO         5071    i._Z8rtGetInfv      rtgetinf_1.o
    0x080027e8   0x0000009c   Code   RO         5103    i._Z8rtGetNaNv      rtgetnan_1.o
    0x08002884   0x00000084   Code   RO         3051    i._Z8sys_timev      dev_clock.o
    0x08002908   0x000000d0   Code   RO         3892    i._Z9SPI1_Initv     dev_spi.o
    0x080029d8   0x00000006   Code   RO         1749    i._Z9ekf_debugPKcz  estimator_utilities.o
    0x080029de   0x00000002   PAD
    0x080029e0   0x0000000c   Code   RO         1221    i._Z9getMicrosv     ekf_att_pos_estimator_main.o
    0x080029ec   0x00000014   Code   RO         1222    i._Z9getMillisv     ekf_att_pos_estimator_main.o
    0x08002a00   0x0000000e   Code   RO         5072    i._Z9rtGetInfFv     rtgetinf_1.o
    0x08002a0e   0x00000002   PAD
    0x08002a10   0x0000003c   Code   RO         5104    i._Z9rtGetNaNFv     rtgetnan_1.o
    0x08002a4c   0x00000002   Code   RO            8    i._Z9task_1_msv     uav_task.o
    0x08002a4e   0x00000002   PAD
    0x08002a50   0x00000038   Code   RO            9    i._Z9task_2_msv     uav_task.o
    0x08002a88   0x00000016   Code   RO           11    i._Z9task_8_msv     uav_task.o
    0x08002a9e   0x00000002   PAD
    0x08002aa0   0x00000088   Code   RO          983    i._ZN10_PARAMETER12ReadAnglePIDEv  uav_parameter.o
    0x08002b28   0x00000088   Code   RO          984    i._ZN10_PARAMETER12SaveAnglePIDEv  uav_parameter.o
    0x08002bb0   0x0000007c   Code   RO          985    i._ZN10_PARAMETER13ConfigurationEv  uav_parameter.o
    0x08002c2c   0x0000008c   Code   RO          986    i._ZN10_PARAMETER14ReadAngularPIDEv  uav_parameter.o
    0x08002cb8   0x00000088   Code   RO          987    i._ZN10_PARAMETER14SaveAngularPIDEv  uav_parameter.o
    0x08002d40   0x000000dc   Code   RO          988    i._ZN10_PARAMETER15ReadAccOffersetEv  uav_parameter.o
    0x08002e1c   0x000000e0   Code   RO          989    i._ZN10_PARAMETER15ReadGyrOffersetEv  uav_parameter.o
    0x08002efc   0x000000e4   Code   RO          990    i._ZN10_PARAMETER15ReadMagOffersetEv  uav_parameter.o
    0x08002fe0   0x00000064   Code   RO          991    i._ZN10_PARAMETER15SaveAccOffersetE7Vector3IfE  uav_parameter.o
    0x08003044   0x00000058   Code   RO          992    i._ZN10_PARAMETER15SaveGyrOffersetE7Vector3IfE  uav_parameter.o
    0x0800309c   0x00000054   Code   RO          993    i._ZN10_PARAMETER15SaveMagOffersetE7Vector3IfE  uav_parameter.o
    0x080030f0   0x00000078   Code   RO          994    i._ZN10_PARAMETER18Read_MS_DIS_SPEPIDEv  uav_parameter.o
    0x08003168   0x00000078   Code   RO          995    i._ZN10_PARAMETER18Read_UL_DIS_SPEPIDEv  uav_parameter.o
    0x080031e0   0x00000078   Code   RO          996    i._ZN10_PARAMETER18Save_MS_DIS_SPEPIDEv  uav_parameter.o
    0x08003258   0x00000078   Code   RO          997    i._ZN10_PARAMETER18Save_UL_DIS_SPEPIDEv  uav_parameter.o
    0x080032d0   0x00000054   Code   RO         3936    i._ZN11_FLASH25Q3214SPI_Flash_ReadEPhjt  dev_flash.o
    0x08003324   0x000000c0   Code   RO         3937    i._ZN11_FLASH25Q3215SPI_Flash_WriteEPhjt  dev_flash.o
    0x080033e4   0x00000048   Code   RO         3938    i._ZN11_FLASH25Q3216SPI_Flash_ReadIDEv  dev_flash.o
    0x0800342c   0x0000002c   Code   RO         3939    i._ZN11_FLASH25Q3216SPI_Flash_ReadSREv  dev_flash.o
    0x08003458   0x0000001c   Code   RO         3940    i._ZN11_FLASH25Q3216SPI_Flash_Read_fEjPft  dev_flash.o
    0x08003474   0x0000001c   Code   RO         3942    i._ZN11_FLASH25Q3217SPI_Flash_Write_fEjPft  dev_flash.o
    0x08003490   0x00000016   Code   RO         3945    i._ZN11_FLASH25Q3219SPI_Flash_Wait_BusyEv  dev_flash.o
    0x080034a6   0x00000002   PAD
    0x080034a8   0x00000060   Code   RO         3947    i._ZN11_FLASH25Q3220SPI_Flash_Write_PageEPhjt  dev_flash.o
    0x08003508   0x00000020   Code   RO         3948    i._ZN11_FLASH25Q3222SPI_FLASH_Write_EnableEv  dev_flash.o
    0x08003528   0x0000004c   Code   RO         3949    i._ZN11_FLASH25Q3222SPI_Flash_Erase_SectorEj  dev_flash.o
    0x08003574   0x0000004a   Code   RO         3951    i._ZN11_FLASH25Q3223SPI_Flash_Write_NoCheckEPhjt  dev_flash.o
    0x080035be   0x00000002   PAD
    0x080035c0   0x00000038   Code   RO         3952    i._ZN11_FLASH25Q325Init_Ev  dev_flash.o
    0x080035f8   0x00000020   Code   RO         1750    i._ZN12Vector3f_px44zeroEv  estimator_utilities.o
    0x08003618   0x0000000e   Code   RO         1680    i._ZN12Vector3f_px4C1Efff  estimator_22states.o
    0x08003626   0x00000002   PAD
    0x08003628   0x00000094   Code   RO         1225    i._ZN28AttitudePositionEstimatorEKF17parameters_updateEv  ekf_att_pos_estimator_main.o
    0x080036bc   0x00000108   Code   RO         1234    i._ZN28AttitudePositionEstimatorEKFC1Ev  ekf_att_pos_estimator_main.o
    0x080037c4   0x0000000e   Code   RO         1341    i._ZN28AttitudePositionEstimatorEKFD1Ev  ekf_att_pos_estimator_main.o
    0x080037d2   0x00000002   PAD
    0x080037d4   0x00000064   Code   RO         1879    i._ZN3IMU12SensorSampleEv  imu.o
    0x08003838   0x00000044   Code   RO         1880    i._ZN3IMU4InitEv    imu.o
    0x0800387c   0x00000078   Code   RO         4068    i._ZN4_DMA13ConfigurationEv  dev_dma.o
    0x080038f4   0x0000006e   Code   RO         2701    i._ZN4_I2C10SingleReadEhhPh  dev_i2c.o
    0x08003962   0x00000052   Code   RO         2702    i._ZN4_I2C11SingleWriteEhhh  dev_i2c.o
    0x080039b4   0x0000003c   Code   RO         2703    i._ZN4_I2C3AckEv    dev_i2c.o
    0x080039f0   0x00000040   Code   RO         2705    i._ZN4_I2C4StopEv   dev_i2c.o
    0x08003a30   0x00000018   Code   RO         2706    i._ZN4_I2C5DelayEv  dev_i2c.o
    0x08003a48   0x00000040   Code   RO         2707    i._ZN4_I2C5NoAckEv  dev_i2c.o
    0x08003a88   0x00000060   Code   RO         2708    i._ZN4_I2C5StartEv  dev_i2c.o
    0x08003ae8   0x00000064   Code   RO         2709    i._ZN4_I2C7WaitAckEv  dev_i2c.o
    0x08003b4c   0x00000088   Code   RO         2710    i._ZN4_I2C8MultReadEhhhPh  dev_i2c.o
    0x08003bd4   0x0000006c   Code   RO         2711    i._ZN4_I2C8ReadByteEh  dev_i2c.o
    0x08003c40   0x0000005c   Code   RO         2712    i._ZN4_I2C8SendByteEh  dev_i2c.o
    0x08003c9c   0x00000020   Code   RO         2803    i._ZN4_LED13ConfigurationEv  dev_led.o
    0x08003cbc   0x00000032   Code   RO          675    i._ZN4_PID3CalEv    uav_pid.o
    0x08003cee   0x00000002   PAD
    0x08003cf0   0x0000006c   Code   RO          676    i._ZN4_PID4InitEfff  uav_pid.o
    0x08003d5c   0x0000001a   Code   RO          678    i._ZN4_PID5Err_iEf  uav_pid.o
    0x08003d76   0x0000000e   Code   RO          679    i._ZN4_PID6GetErrEf  uav_pid.o
    0x08003d84   0x00000068   Code   RO         2671    i._ZN4_RCC13ConfigurationEv  dev_rcc.o
    0x08003dec   0x00000090   Code   RO          741    i._ZN4_UAV4InitEv   uav_init.o
    0x08003e7c   0x00000050   Code   RO         1751    i._ZN5Mat3f8identityEv  estimator_utilities.o
    0x08003ecc   0x00000098   Code   RO         1674    i._ZN5Mat3fC1Ev     estimator_22states.o
    0x08003f64   0x000000ac   Code   RO          601    i._ZN5_ADRC4InitEv  uav_adrc.o
    0x08004010   0x00000760   Code   RO          603    i._ZN5_ADRC7AngularEf  uav_adrc.o
    0x08004770   0x000000fc   Code   RO         2864    i._ZN5_MOTO12MotoBaseInitEP11TIM_TypeDefh  dev_moto.o
    0x0800486c   0x0000003c   Code   RO         2865    i._ZN5_MOTO6SetPwmEPt  dev_moto.o
    0x080048a8   0x0000002c   Code   RO         2866    i._ZN5_MOTO8MotoInitEv  dev_moto.o
    0x080048d4   0x0000007a   Code   RO         2906    i._ZN5_NVIC13ConfigurationEv  dev_nvic.o
    0x0800494e   0x00000002   PAD
    0x08004950   0x000001d0   Code   RO         2833    i._ZN5_PORT13ConfigurationEv  dev_port.o
    0x08004b20   0x0000000e   Code   RO          803    i._ZN6Filter13CF_Factor_CalEff  uav_filter.o
    0x08004b2e   0x00000060   Code   RO          804    i._ZN6Filter14Moving_AverageEfPftPtS0_  uav_filter.o
    0x08004b8e   0x00000002   PAD
    0x08004b90   0x00000024   Code   RO          805    i._ZN6Filter18LPF_1st_Factor_CalEff  uav_filter.o
    0x08004bb4   0x00000094   Code   RO          806    i._ZN6Filter18LPF_2nd_Factor_CalEffPNS_12LPF2ndData_tE  uav_filter.o
    0x08004c48   0x000000c4   Code   RO          809    i._ZN6Filter7LPF_2ndEPNS_12LPF2ndData_tE7Vector3IfE  uav_filter.o
    0x08004d0c   0x00000084   Code   RO         2448    i._ZN6NAV_H_4InitEv  nav_h.o
    0x08004d90   0x00000094   Code   RO         2381    i._ZN6NAV_V_8get_ms_vEf  nav_speed.o
    0x08004e24   0x00000070   Code   RO         3009    i._ZN6_DEBUS9RemotCallEv  dev_debus.o
    0x08004e94   0x00000024   Code   RO         4108    i._ZN6_US10012SampleTrigerEf  dev_us100.o
    0x08004eb8   0x000000c8   Code   RO         4109    i._ZN6_US1007disCallEv  dev_us100.o
    0x08004f80   0x00000170   Code   RO         2936    i._ZN6_USART10Usart2CallEv  dev_usart.o
    0x080050f0   0x00000030   Code   RO         2937    i._ZN6_USART10Usart3CallEv  dev_usart.o
    0x08005120   0x0000002c   Code   RO         2938    i._ZN6_USART10Usart6CallEv  dev_usart.o
    0x0800514c   0x00000114   Code   RO         2939    i._ZN6_USART13ConfigurationEv  dev_usart.o
    0x08005260   0x00000050   Code   RO         2940    i._ZN6_USART13Uart2_Put_BufEPhh  dev_usart.o
    0x080052b0   0x0000016c   Code   RO         3136    i._ZN7_AK897510DataSampleEv  dev_ak8975.o
    0x0800541c   0x00000294   Code   RO         3137    i._ZN7_AK897512MagCalOffsetEv  dev_ak8975.o
    0x080056b0   0x00000012   Code   RO         3138    i._ZN7_AK897512SampleTrigerEv  dev_ak8975.o
    0x080056c2   0x00000002   PAD
    0x080056c4   0x00000044   Code   RO         3325    i._ZN7_MS561110DataUpdateEv  dev_ms5611.o
    0x08005708   0x00000028   Code   RO         3326    i._ZN7_MS561113ConfigurationEv  dev_ms5611.o
    0x08005730   0x00000016   Code   RO         3327    i._ZN7_MS561114PressureSampleEv  dev_ms5611.o
    0x08005746   0x00000002   PAD
    0x08005748   0x0000033c   Code   RO         3328    i._ZN7_MS561116BaroAltCalculateEv  dev_ms5611.o
    0x08005a84   0x00000016   Code   RO         3329    i._ZN7_MS561117TemperatureSampleEv  dev_ms5611.o
    0x08005a9a   0x00000012   Code   RO         3330    i._ZN7_MS561120PressureSampleTrigerEv  dev_ms5611.o
    0x08005aac   0x00000012   Code   RO         3331    i._ZN7_MS561123TemperatureSampleTrigerEv  dev_ms5611.o
    0x08005abe   0x00000012   Code   RO         3332    i._ZN7_MS56115ResetEv  dev_ms5611.o
    0x08005ad0   0x0000005a   Code   RO         3333    i._ZN7_MS56118ReadPromEv  dev_ms5611.o
    0x08005b2a   0x00000002   PAD
    0x08005b2c   0x000000cc   Code   RO          378    i._ZN8_CONTROL4InitEv  uav_control.o
    0x08005bf8   0x00000048   Code   RO         3201    i._ZN8_MAVLINK10Send_CheckEhh  dev_mavlink.o
    0x08005c40   0x0000009a   Code   RO         3202    i._ZN8_MAVLINK10Send_PowerEtt  dev_mavlink.o
    0x08005cda   0x00000188   Code   RO         3204    i._ZN8_MAVLINK11Send_RCDataEtttttttttt  dev_mavlink.o
    0x08005e62   0x0000019c   Code   RO         3205    i._ZN8_MAVLINK11Send_SenserEsssssssss  dev_mavlink.o
    0x08005ffe   0x00000002   PAD
    0x08006000   0x00000174   Code   RO         3206    i._ZN8_MAVLINK11Send_StatusEfffihh  dev_mavlink.o
    0x08006174   0x000000ba   Code   RO         3208    i._ZN8_MAVLINK12Send_Senser2Eit  dev_mavlink.o
    0x0800622e   0x000000d8   Code   RO         3209    i._ZN8_MAVLINK12Send_VersionEhtttt  dev_mavlink.o
    0x08006306   0x00000002   PAD
    0x08006308   0x00000460   Code   RO         3210    i._ZN8_MAVLINK13Data_ExchangeEv  dev_mavlink.o
    0x08006768   0x00000540   Code   RO         3211    i._ZN8_MAVLINK16Data_Receive_AnlEPhh  dev_mavlink.o
    0x08006ca8   0x00000264   Code   RO         3212    i._ZN8_MAVLINK8Send_PIDEhfffffffff  dev_mavlink.o
    0x08006f0c   0x0000001c   Code   RO         3213    i._ZN8_MAVLINK9Send_DataEPhh  dev_mavlink.o
    0x08006f28   0x0000013a   Code   RO         3734    i._ZN8_MPU605010DataSampleEv  dev_mup6050.o
    0x08007062   0x00000002   PAD
    0x08007064   0x00000054   Code   RO         3735    i._ZN8_MPU605011GetGyro2dpsEv  dev_mup6050.o
    0x080070b8   0x0000005e   Code   RO         3736    i._ZN8_MPU605011I2CwriteBitEhhhh  dev_mup6050.o
    0x08007116   0x00000002   PAD
    0x08007118   0x00000124   Code   RO         3737    i._ZN8_MPU605012AccCalOffsetEv  dev_mup6050.o
    0x0800723c   0x0000006e   Code   RO         3738    i._ZN8_MPU605012I2CwriteBitsEhhhhh  dev_mup6050.o
    0x080072aa   0x00000016   Code   RO         3739    i._ZN8_MPU605012SetI2CBypassEh  dev_mup6050.o
    0x080072c0   0x000000c2   Code   RO         3740    i._ZN8_MPU605013ConfigurationEt  dev_mup6050.o
    0x08007382   0x00000002   PAD
    0x08007384   0x000000ec   Code   RO         3741    i._ZN8_MPU605013GyroCalOffsetEv  dev_mup6050.o
    0x08007470   0x00000254   Code   RO         3742    i._ZN8_MPU605014GyroAutoOffsetEh  dev_mup6050.o
    0x080076c4   0x0000001a   Code   RO         3743    i._ZN8_MPU605014SetClockSourceEh  dev_mup6050.o
    0x080076de   0x00000016   Code   RO         3744    i._ZN8_MPU605016SetI2CMasterModeEh  dev_mup6050.o
    0x080076f4   0x0000002e   Code   RO         3745    i._ZN8_MPU605021SetFullScaleGyroRangeEh  dev_mup6050.o
    0x08007722   0x0000002e   Code   RO         3746    i._ZN8_MPU605022SetFullScaleAccelRangeEh  dev_mup6050.o
    0x08007750   0x00000018   Code   RO         3747    i._ZN8_MPU60504ReadEv  dev_mup6050.o
    0x08007768   0x0000001a   Code   RO         3748    i._ZN8_MPU60507SetDLPFEh  dev_mup6050.o
    0x08007782   0x00000016   Code   RO         3749    i._ZN8_MPU60508SetSleepEh  dev_mup6050.o
    0x08007798   0x00000020   Code   RO         3750    i._ZN8_MPU60509SetSampleEt  dev_mup6050.o
    0x080077b8   0x00000096   Code   RO         3856    i._ZN8_MPU6050C1Ev  dev_mup6050.o
    0x0800784e   0x00000002   PAD
    0x08007850   0x000001e4   Code   RO         1413    i._ZN9AttPosEKF13ZeroVariablesEv  estimator_22states.o
    0x08007a34   0x000000fc   Code   RO         1414    i._ZN9AttPosEKF14ConstrainFloatEfff  estimator_22states.o
    0x08007b30   0x00000014   Code   RO         1686    i._ZN9AttPosEKF16mag_state_structC1Ev  estimator_22states.o
    0x08007b44   0x00000100   Code   RO         1434    i._ZN9AttPosEKF20InitialiseParametersEv  estimator_22states.o
    0x08007c44   0x0000048e   Code   RO         1442    i._ZN9AttPosEKFC1Ev  estimator_22states.o
    0x080080d2   0x00000002   Code   RO         1443    i._ZN9AttPosEKFD1Ev  estimator_22states.o
    0x080080d4   0x00000244   Code   RO         2246    i._ZN9_ATTITUDE10DISControlEf  uav_attitude.o
    0x08008318   0x0000008c   Code   RO         2249    i._ZN9_ATTITUDE4InitEv  uav_attitude.o
    0x080083a4   0x00000020   Code   RO         7928    i.__0printf         mc_w.l(printfa.o)
    0x080083c4   0x00000012   Code   RO         1335    i.__ARM_isfinitef   ekf_att_pos_estimator_main.o
    0x080083d6   0x00000032   Code   RO         7552    i.__aeabi_atexit    cpprt_w.l(aeabi_atexit.o)
    0x08008408   0x00000042   Code   RO         7983    i.__cxa_finalize    cpprt_w.l(cxa_finalize.o)
    0x0800844a   0x00000010   Code   RO         7546    i.__cxa_guard_acquire  cpprt_w.l(cxa_guard_acquire.o)
    0x0800845a   0x0000003a   Code   RO         7668    i.__hardfp_sqrtf    m_wm.l(sqrtf.o)
    0x08008494   0x0000000e   Code   RO         8122    i.__scatterload_copy  mc_w.l(handlers.o)
    0x080084a2   0x00000002   Code   RO         8123    i.__scatterload_null  mc_w.l(handlers.o)
    0x080084a4   0x0000000e   Code   RO         8124    i.__scatterload_zeroinit  mc_w.l(handlers.o)
    0x080084b2   0x00000002   PAD
    0x080084b4   0x0000000c   Code   RO         8086    i.__set_errno       mc_w.l(errno.o)
    0x080084c0   0x00000020   Code   RO           12    i.__sti___12_uav_task_cpp_UAV  uav_task.o
    0x080084e0   0x00000030   Code   RO         3139    i.__sti___14_dev_ak8975_cpp_Ak8975  dev_ak8975.o
    0x08008510   0x00000024   Code   RO         3334    i.__sti___14_dev_ms5611_cpp_Ms5611  dev_ms5611.o
    0x08008534   0x0000000c   Code   RO          811    i.__sti___14_uav_filter_cpp_filter  uav_filter.o
    0x08008540   0x00000010   Code   RO         3751    i.__sti___15_dev_mup6050_cpp_Mpu6050  dev_mup6050.o
    0x08008550   0x00000040   Code   RO         2250    i.__sti___16_uav_attitude_cpp_Attitude  uav_attitude.o
    0x08008590   0x00000038   Code   RO         1235    i.__sti___30_ekf_att_pos_estimator_main_cpp_att_ekf  ekf_att_pos_estimator_main.o
    0x080085c8   0x0000004c   Code   RO         1882    i.__sti___7_imu_cpp_imu  imu.o
    0x08008614   0x00000164   Code   RO         7935    i._fp_digits        mc_w.l(printfa.o)
    0x08008778   0x000006dc   Code   RO         7936    i._printf_core      mc_w.l(printfa.o)
    0x08008e54   0x00000024   Code   RO         7937    i._printf_post_padding  mc_w.l(printfa.o)
    0x08008e78   0x0000002e   Code   RO         7938    i._printf_pre_padding  mc_w.l(printfa.o)
    0x08008ea6   0x00000002   PAD
    0x08008ea8   0x00000024   Code   RO         2941    i.fputc             dev_usart.o
    0x08008ecc   0x00000050   Code   RO         8056    i.free              mc_w.l(malloc.o)
    0x08008f1c   0x00000070   Code   RO           13    i.main              uav_task.o
    0x08008f8c   0x0000006c   Code   RO         8057    i.malloc            mc_w.l(malloc.o)
    0x08008ff8   0x0000000e   Code   RO         1999    t._ZN7Vector3IfEC1Efff  imu_dcm.o
    0x08009006   0x00000002   PAD
    0x08009008   0x00000018   Code   RO         1916    t._ZN7Vector3IfEC1Ev  imu.o
    0x08009020   0x0000000e   Code   RO         3174    t._ZN7Vector3IfEclEfff  dev_ak8975.o
    0x0800902e   0x00000032   Code   RO         4580    t._ZN7Vector3IfEpLERKS0_  cal_vector3.o
    0x08009060   0x0000000a   Code   RO          876    t._ZN7Vector3IsEC1Ev  uav_filter.o
    0x0800906a   0x00000058   Code   RO         4556    t._ZNK7Vector3IfEdvEf  cal_vector3.o
    0x080090c2   0x0000004a   Code   RO         4586    t._ZNK7Vector3IfEmiERKS0_  cal_vector3.o
    0x0800910c   0x00000026   Code   RO         4508    t._ZNK7Vector3IfEmlERKS0_  cal_vector3.o
    0x08009132   0x0000004c   Code   RO         4544    t._ZNK7Vector3IfEmlEf  cal_vector3.o
    0x0800917e   0x0000004a   Code   RO         4574    t._ZNK7Vector3IfEplERKS0_  cal_vector3.o
    0x080091c8   0x00000024   Data   RO         2521    .constdata          nav_h_ekf.o
    0x080091ec   0x00000020   Data   RO         8120    Region$$Table       anon$$obj.o
    0x0800920c   0x00000004   Data   RO           26    .init_array         uav_task.o
    0x08009210   0x00000004   Data   RO          824    .init_array         uav_filter.o
    0x08009214   0x00000004   Data   RO         1256    .init_array         ekf_att_pos_estimator_main.o
    0x08009218   0x00000004   Data   RO         1888    .init_array         imu.o
    0x0800921c   0x00000004   Data   RO         2258    .init_array         uav_attitude.o
    0x08009220   0x00000004   Data   RO         3146    .init_array         dev_ak8975.o
    0x08009224   0x00000004   Data   RO         3347    .init_array         dev_ms5611.o
    0x08009228   0x00000004   Data   RO         3772    .init_array         dev_mup6050.o
    0x0800922c   0x00000000   Data   RO         7957    .init_array         mc_w.l(cpp_init.o)


    Execution Region RW_IRAM1 (Base: 0x20000000, Size: 0x00009698, Max: 0x00020000, ABSOLUTE, COMPRESSED[0x00000030])

    Base Addr    Size         Type   Attr      Idx    E Section Name        Object

    0x20000000   0x00000008   Data   RW           25    .data               uav_task.o
    0x20000008   0x00000001   Data   RW          386    .data               uav_control.o
    0x20000009   0x00000003   PAD
    0x2000000c   0x00000010   Data   RW          609    .data               uav_adrc.o
    0x2000001c   0x0000001b   Data   RW          823    .data               uav_filter.o
    0x20000037   0x00000001   PAD
    0x20000038   0x00000010   Data   RW         1255    .data               ekf_att_pos_estimator_main.o
    0x20000048   0x0000003b   Data   RW         2257    .data               uav_attitude.o
    0x20000083   0x00000001   PAD
    0x20000084   0x00000024   Data   RW         2387    .data               nav_speed.o
    0x200000a8   0x00000001   Data   RW         2805    .data               dev_led.o
    0x200000a9   0x00000001   Data   RW         2870    .data               dev_moto.o
    0x200000aa   0x00000006   Data   RW         2949    .data               dev_usart.o
    0x200000b0   0x00000018   Data   RW         3062    .data               dev_clock.o
    0x200000c8   0x00000008   Data   RW         3145    .data               dev_ak8975.o
    0x200000d0   0x00000008   Data   RW         3228    .data               dev_mavlink.o
    0x200000d8   0x0000000a   Data   RW         3346    .data               dev_ms5611.o
    0x200000e2   0x00000002   PAD
    0x200000e4   0x00000014   Data   RW         3496    .data               dev_sd.o
    0x200000f8   0x0000000e   Data   RW         3771    .data               dev_mup6050.o
    0x20000106   0x00000002   PAD
    0x20000108   0x00000014   Data   RW         3971    .data               dev_flash.o
    0x2000011c   0x00000001   Data   RW         4113    .data               dev_us100.o
    0x2000011d   0x00000001   PAD
    0x2000011e   0x00000004   Data   RW         4168    .data               dev_gps.o
    0x20000122   0x00000006   PAD
    0x20000128   0x00000024   Data   RW         5026    .data               rt_nonfinite.o
    0x2000014c   0x0000000c   Data   RW         5659    .data               control_v.o
    0x20000158   0x00000010   Data   RW         6185    .data               F407lib.lib(stm32f4xx_rcc.o)
    0x20000168   0x00000004   Data   RW         8047    .data               mc_w.l(stdout.o)
    0x2000016c   0x00000004   Data   RW         8087    .data               mc_w.l(errno.o)
    0x20000170   0x00000004   Data   RW         8093    .data               mc_w.l(cpp_dtor.o)
    0x20000174   0x00000004   Data   RW         8114    .data               mc_w.l(mvars.o)
    0x20000178   0x00000004   Data   RW         8115    .data               mc_w.l(mvars.o)
    0x2000017c   0x0000000c   Zero   RW           24    .bss                uav_task.o
    0x20000188   0x00000198   Zero   RW          385    .bss                uav_control.o
    0x20000320   0x00000180   Zero   RW          608    .bss                uav_adrc.o
    0x200004a0   0x00000034   Zero   RW          934    .bss                uav_rc.o
    0x200004d4   0x000000a0   Zero   RW         1015    .bss                uav_parameter.o
    0x20000574   0x00000004   PAD
    0x20000578   0x00006998   Zero   RW         1252    .bss                ekf_att_pos_estimator_main.o
    0x20006f10   0x00000058   Zero   RW         1887    .bss                imu.o
    0x20006f68   0x0000015c   Zero   RW         2256    .bss                uav_attitude.o
    0x200070c4   0x00000014   Zero   RW         2386    .bss                nav_speed.o
    0x200070d8   0x000000a8   Zero   RW         2451    .bss                nav_h.o
    0x20007180   0x00000030   Zero   RW         2520    .bss                nav_h_ekf.o
    0x200071b0   0x00000132   Zero   RW         2948    .bss                dev_usart.o
    0x200072e2   0x0000000c   Zero   RW         3011    .bss                dev_debus.o
    0x200072ee   0x00000002   PAD
    0x200072f0   0x00000042   Zero   RW         3061    .bss                dev_clock.o
    0x20007332   0x00000002   PAD
    0x20007334   0x00000048   Zero   RW         3144    .bss                dev_ak8975.o
    0x2000737c   0x00000056   Zero   RW         3227    .bss                dev_mavlink.o
    0x200073d2   0x00000002   PAD
    0x200073d4   0x00000128   Zero   RW         3345    .bss                dev_ms5611.o
    0x200074fc   0x00000004   PAD
    0x20007500   0x000002c0   Zero   RW         3495    .bss                dev_sd.o
    0x200077c0   0x000000c8   Zero   RW         3770    .bss                dev_mup6050.o
    0x20007888   0x00000012   Zero   RW         3896    .bss                dev_spi.o
    0x2000789a   0x00001000   Zero   RW         3970    .bss                dev_flash.o
    0x2000889a   0x00000012   Zero   RW         4071    .bss                dev_dma.o
    0x200088ac   0x00000014   Zero   RW         4112    .bss                dev_us100.o
    0x200088c0   0x000007d5   Zero   RW         4167    .bss                dev_gps.o
    0x20009095   0x00000003   PAD
    0x20009098   0x00000200   Zero   RW         5701    HEAP                startup_stm32f40_41xxx.o
    0x20009298   0x00000400   Zero   RW         5700    STACK               startup_stm32f40_41xxx.o


==============================================================================

Image component sizes


      Code (inc. data)   RO Data    RW Data    ZI Data      Debug   Object Name

         0          0          0          0          0        291   attitudeekf.o
       150          6          0          0          0       2393   cal_adrc.o
        20          6          0          0          0       1342   cal_math.o
       400          0          0          0          0       8940   cal_vector3.o
         0          0          0         12          0       1385   control_v.o
      1104         48          4          8         72       4689   dev_ak8975.o
       592         50          0         24         66      32678   dev_clock.o
       112          4          0          0         12       1208   dev_debus.o
       172         22          0          0         18       1808   dev_dma.o
       804         52          0         20       4096      10476   dev_flash.o
      1706         74          0          4       2005      10472   dev_gps.o
       936         36          0          0          0       8468   dev_i2c.o
        32          4          0          1          0       1074   dev_led.o
      4908        144          0          8         86      12787   dev_mavlink.o
       356         14          0          1          0       2915   dev_moto.o
      1160         78          4         10        296       9087   dev_ms5611.o
      2352         66          4         14        200      25482   dev_mup6050.o
       122          0          0          0          0        948   dev_nvic.o
       464         20          0          0          0       1179   dev_port.o
       104          4          0          0          0        840   dev_rcc.o
       456         32          0         20        704     239172   dev_sd.o
       328         28          0          0         18       2549   dev_spi.o
       236         28          0          1         20       2044   dev_us100.o
       852         94          0          6        306       5217   dev_usart.o
       540         74          4         16      27032      23260   ekf_att_pos_estimator_main.o
      2346        194          0          0          0      18872   estimator_22states.o
       118         12          0          0          0       4904   estimator_utilities.o
        10          0          0          0          0        553   fal_initialize.o
       572          6          0          0          0       4202   fhan.o
       268         34          4          0         88       8075   imu.o
        14          0          0          0          0       4988   imu_dcm.o
         0          0          0          0          0        291   imu_gradient.o
       132          6          0          0        168       1572   nav_h.o
        76         16         36          0         48       1455   nav_h_ekf.o
       148         22          0         36         20       2938   nav_speed.o
        92         26          0         36          0       1042   rt_nonfinite.o
       334         32          0          0          0       3104   rtgetinf_1.o
       216         18          0          0          0       1667   rtgetnan_1.o
        36          8        392          0       1536        884   startup_stm32f40_41xxx.o
        72         18          0          0          0       5580   stm32f4xx_it.o
       340         32          0          0          0       1737   system_stm32f4xx.o
      2060        130          0         16        384       5152   uav_adrc.o
       784         70          4         59        348       5717   uav_attitude.o
       204         10          0          1        408     305954   uav_control.o
       512         22          4         27          0      12445   uav_filter.o
       144         44          0          0          0        860   uav_init.o
      2096        618          0          0        160      13524   uav_parameter.o
       198          6          0          0          0       3110   uav_pid.o
         0          0          0          0         52        805   uav_rc.o
       452         60          4          8         12     247796   uav_task.o

    ----------------------------------------------------------------------
     29186       2268        492        344      38172    1067931   Object Totals
         0          0         32          0          0          0   (incl. Generated)
        56          0          0         16         17          0   (incl. Padding)

    ----------------------------------------------------------------------

      Code (inc. data)   RO Data    RW Data    ZI Data      Debug   Library Member Name

       180         24          0          0          0     328673   misc.o
       716         72          0          0          0       6115   stm32f4xx_dma.o
       222          0          0          0          0       3091   stm32f4xx_gpio.o
       392         48          0         16          0       5873   stm32f4xx_rcc.o
        80         14          0          0          0       3669   stm32f4xx_sdio.o
       112          0          0          0          0       3738   stm32f4xx_spi.o
       882         66          0          0          0      11189   stm32f4xx_tim.o
       666         32          0          0          0       7789   stm32f4xx_usart.o
        50          0          0          0          0         84   aeabi_atexit.o
        66          0          0          0          0         84   cxa_finalize.o
        16          0          0          0          0         68   cxa_guard_acquire.o
        58          0          0          0          0        136   sqrtf.o
        86          0          0          0          0          0   __dczerorl2.o
         8          4          0          4          0         68   cpp_dtor.o
         2          0          0          0          0         68   cpp_final.o
        32         10          0          0          0         80   cpp_init.o
         0          0          0          0          0          0   entry.o
         0          0          0          0          0          0   entry10a.o
         0          0          0          0          0          0   entry11a.o
         8          4          0          0          0          0   entry2.o
         4          0          0          0          0          0   entry5.o
         0          0          0          0          0          0   entry7b.o
         4          0          0          0          0          0   entry8a.o
         0          0          0          0          0          0   entry8b.o
         8          4          0          0          0          0   entry9a.o
        12          6          0          4          0         68   errno.o
        30          0          0          0          0          0   handlers.o
        36          8          0          0          0         68   init.o
         0          0          0          0          0          0   iusefp.o
        30          0          0          0          0         68   llshl.o
        36          0          0          0          0         68   llsshr.o
        32          0          0          0          0         68   llushr.o
       188         20          0          0          0        160   malloc.o
        36          0          0          0          0        108   memseta.o
         0          0          0          8          0          0   mvars.o
      2226         90          0          0          0        444   printfa.o
         0          0          0          4          0          0   stdout.o
        36          0          0          0          0         80   strstr.o
        44          0          0          0          0         80   uidiv.o
        98          0          0          0          0         92   uldiv.o
        48          0          0          0          0         68   cdcmple.o
        48          0          0          0          0         68   cdrcmple.o
        56          0          0          0          0         88   d2f.o
       334          0          0          0          0        148   dadd.o
       222          0          0          0          0        100   ddiv.o
       186          0          0          0          0        176   depilogue.o
        48          0          0          0          0         68   dfixul.o
       228          0          0          0          0         96   dmul.o
        38          0          0          0          0         68   f2d.o
       110          0          0          0          0        168   fepilogue.o

    ----------------------------------------------------------------------
      7742        402          0         36          0     373077   Library Totals
        28          0          0          0          0          0   (incl. Padding)

    ----------------------------------------------------------------------

      Code (inc. data)   RO Data    RW Data    ZI Data      Debug   Library Name

      3250        256          0         16          0     370137   F407lib.lib
       132          0          0          0          0        236   cpprt_w.l
        58          0          0          0          0        136   m_wm.l
      2956        146          0         20          0       1520   mc_w.l
      1318          0          0          0          0       1048   mf_w.l

    ----------------------------------------------------------------------
      7742        402          0         36          0     373077   Library Totals

    ----------------------------------------------------------------------

==============================================================================


      Code (inc. data)   RO Data    RW Data    ZI Data      Debug   

     36928       2670        492        380      38172    1414888   Grand Totals
     36928       2670        492         48      38172    1414888   ELF Image Totals (compressed)
     36928       2670        492         48          0          0   ROM Totals

==============================================================================

    Total RO  Size (Code + RO Data)                37420 (  36.54kB)
    Total RW  Size (RW Data + ZI Data)             38552 (  37.65kB)
    Total ROM Size (Code + RO Data + RW Data)      37468 (  36.59kB)

==============================================================================

